  stdafx.cpp
  Camera.cpp
  Enemy.cpp
C:\Users\Seungwan\Desktop\LabProject_monster_임시저장\Enemy.cpp(55,29): warning C4267: '=': 'size_t'에서 'UINT'(으)로 변환하면서 데이터가 손실될 수 있습니다.
C:\Users\Seungwan\Desktop\LabProject_monster_임시저장\Enemy.cpp(56,27): warning C4267: '=': 'size_t'에서 'UINT'(으)로 변환하면서 데이터가 손실될 수 있습니다.
  GameFramework.cpp
C:\Users\Seungwan\Desktop\LabProject_monster_임시저장\GameFramework.cpp(386,71): warning C4244: '인수': 'WPARAM'에서 'DWORD'(으)로 변환하면서 데이터가 손실될 수 있습니다.
  GameObject.cpp
  LabProject.cpp
  Mesh.cpp
  Player.cpp
  Scene.cpp
  Shader.cpp
  Timer.cpp
  코드를 생성하고 있습니다...
libfbxsdk-mt.lib(fbxdebug.cxx.obj) : warning LNK4099: '' PDB를 'libfbxsdk-mt.lib(fbxdebug.cxx.obj)' 또는 ''에서 찾을 수 없습니다. 디버그 정보가 없는 것처럼 개체를 링크합니다.
libfbxsdk-mt.lib(fbxalloc.cxx.obj) : warning LNK4099: '' PDB를 'libfbxsdk-mt.lib(fbxalloc.cxx.obj)' 또는 ''에서 찾을 수 없습니다. 디버그 정보가 없는 것처럼 개체를 링크합니다.
libfbxsdk-mt.lib(fbxstring.cxx.obj) : warning LNK4099: '' PDB를 'libfbxsdk-mt.lib(fbxstring.cxx.obj)' 또는 ''에서 찾을 수 없습니다. 디버그 정보가 없는 것처럼 개체를 링크합니다.
libfbxsdk-mt.lib(fbxobject.cxx.obj) : warning LNK4099: '' PDB를 'libfbxsdk-mt.lib(fbxobject.cxx.obj)' 또는 ''에서 찾을 수 없습니다. 디버그 정보가 없는 것처럼 개체를 링크합니다.
libfbxsdk-mt.lib(fbxmanager.cxx.obj) : warning LNK4099: '' PDB를 'libfbxsdk-mt.lib(fbxmanager.cxx.obj)' 또는 ''에서 찾을 수 없습니다. 디버그 정보가 없는 것처럼 개체를 링크합니다.
libfbxsdk-mt.lib(fbxiosettings.cxx.obj) : warning LNK4099: '' PDB를 'libfbxsdk-mt.lib(fbxiosettings.cxx.obj)' 또는 ''에서 찾을 수 없습니다. 디버그 정보가 없는 것처럼 개체를 링크합니다.
libfbxsdk-mt.lib(fbximporter.cxx.obj) : warning LNK4099: '' PDB를 'libfbxsdk-mt.lib(fbximporter.cxx.obj)' 또는 ''에서 찾을 수 없습니다. 디버그 정보가 없는 것처럼 개체를 링크합니다.
libfbxsdk-mt.lib(fbxnode.cxx.obj) : warning LNK4099: '' PDB를 'libfbxsdk-mt.lib(fbxnode.cxx.obj)' 또는 ''에서 찾을 수 없습니다. 디버그 정보가 없는 것처럼 개체를 링크합니다.
libfbxsdk-mt.lib(fbxscene.cxx.obj) : warning LNK4099: '' PDB를 'libfbxsdk-mt.lib(fbxscene.cxx.obj)' 또는 ''에서 찾을 수 없습니다. 디버그 정보가 없는 것처럼 개체를 링크합니다.
libfbxsdk-mt.lib(fbxutils.cxx.obj) : warning LNK4099: '' PDB를 'libfbxsdk-mt.lib(fbxutils.cxx.obj)' 또는 ''에서 찾을 수 없습니다. 디버그 정보가 없는 것처럼 개체를 링크합니다.
libfbxsdk-mt.lib(fbxclassid.cxx.obj) : warning LNK4099: '' PDB를 'libfbxsdk-mt.lib(fbxclassid.cxx.obj)' 또는 ''에서 찾을 수 없습니다. 디버그 정보가 없는 것처럼 개체를 링크합니다.
libfbxsdk-mt.lib(fbxquery.cxx.obj) : warning LNK4099: '' PDB를 'libfbxsdk-mt.lib(fbxquery.cxx.obj)' 또는 ''에서 찾을 수 없습니다. 디버그 정보가 없는 것처럼 개체를 링크합니다.
libfbxsdk-mt.lib(fbxevents.cxx.obj) : warning LNK4099: '' PDB를 'libfbxsdk-mt.lib(fbxevents.cxx.obj)' 또는 ''에서 찾을 수 없습니다. 디버그 정보가 없는 것처럼 개체를 링크합니다.
libfbxsdk-mt.lib(fbxemitter.cxx.obj) : warning LNK4099: '' PDB를 'libfbxsdk-mt.lib(fbxemitter.cxx.obj)' 또는 ''에서 찾을 수 없습니다. 디버그 정보가 없는 것처럼 개체를 링크합니다.
libfbxsdk-mt.lib(fbxpropertyhandle.cxx.obj) : warning LNK4099: '' PDB를 'libfbxsdk-mt.lib(fbxpropertyhandle.cxx.obj)' 또는 ''에서 찾을 수 없습니다. 디버그 정보가 없는 것처럼 개체를 링크합니다.
libfbxsdk-mt.lib(fbxdatatypes.cxx.obj) : warning LNK4099: '' PDB를 'libfbxsdk-mt.lib(fbxdatatypes.cxx.obj)' 또는 ''에서 찾을 수 없습니다. 디버그 정보가 없는 것처럼 개체를 링크합니다.
libfbxsdk-mt.lib(fbxproperty.cxx.obj) : warning LNK4099: '' PDB를 'libfbxsdk-mt.lib(fbxproperty.cxx.obj)' 또는 ''에서 찾을 수 없습니다. 디버그 정보가 없는 것처럼 개체를 링크합니다.
libfbxsdk-mt.lib(fbxstringlist.cxx.obj) : warning LNK4099: '' PDB를 'libfbxsdk-mt.lib(fbxstringlist.cxx.obj)' 또는 ''에서 찾을 수 없습니다. 디버그 정보가 없는 것처럼 개체를 링크합니다.
libfbxsdk-mt.lib(fbxnamehandler.cxx.obj) : warning LNK4099: '' PDB를 'libfbxsdk-mt.lib(fbxnamehandler.cxx.obj)' 또는 ''에서 찾을 수 없습니다. 디버그 정보가 없는 것처럼 개체를 링크합니다.
libfbxsdk-mt.lib(fbxdocument.cxx.obj) : warning LNK4099: '' PDB를 'libfbxsdk-mt.lib(fbxdocument.cxx.obj)' 또는 ''에서 찾을 수 없습니다. 디버그 정보가 없는 것처럼 개체를 링크합니다.
libfbxsdk-mt.lib(fbximplementation.cxx.obj) : warning LNK4099: '' PDB를 'libfbxsdk-mt.lib(fbximplementation.cxx.obj)' 또는 ''에서 찾을 수 없습니다. 디버그 정보가 없는 것처럼 개체를 링크합니다.
libfbxsdk-mt.lib(fbxlibrary.cxx.obj) : warning LNK4099: '' PDB를 'libfbxsdk-mt.lib(fbxlibrary.cxx.obj)' 또는 ''에서 찾을 수 없습니다. 디버그 정보가 없는 것처럼 개체를 링크합니다.
libfbxsdk-mt.lib(fbxcharptrset.cxx.obj) : warning LNK4099: '' PDB를 'libfbxsdk-mt.lib(fbxcharptrset.cxx.obj)' 또는 ''에서 찾을 수 없습니다. 디버그 정보가 없는 것처럼 개체를 링크합니다.
libfbxsdk-mt.lib(fbxtime.cxx.obj) : warning LNK4099: '' PDB를 'libfbxsdk-mt.lib(fbxtime.cxx.obj)' 또는 ''에서 찾을 수 없습니다. 디버그 정보가 없는 것처럼 개체를 링크합니다.
libfbxsdk-mt.lib(fbxmatrix.cxx.obj) : warning LNK4099: '' PDB를 'libfbxsdk-mt.lib(fbxmatrix.cxx.obj)' 또는 ''에서 찾을 수 없습니다. 디버그 정보가 없는 것처럼 개체를 링크합니다.
libfbxsdk-mt.lib(fbxaffinematrix.cxx.obj) : warning LNK4099: '' PDB를 'libfbxsdk-mt.lib(fbxaffinematrix.cxx.obj)' 또는 ''에서 찾을 수 없습니다. 디버그 정보가 없는 것처럼 개체를 링크합니다.
libfbxsdk-mt.lib(fbxsystemunit.cxx.obj) : warning LNK4099: '' PDB를 'libfbxsdk-mt.lib(fbxsystemunit.cxx.obj)' 또는 ''에서 찾을 수 없습니다. 디버그 정보가 없는 것처럼 개체를 링크합니다.
libfbxsdk-mt.lib(fbxplugin.cxx.obj) : warning LNK4099: '' PDB를 'libfbxsdk-mt.lib(fbxplugin.cxx.obj)' 또는 ''에서 찾을 수 없습니다. 디버그 정보가 없는 것처럼 개체를 링크합니다.
libfbxsdk-mt.lib(fbxplugincontainer.cxx.obj) : warning LNK4099: '' PDB를 'libfbxsdk-mt.lib(fbxplugincontainer.cxx.obj)' 또는 ''에서 찾을 수 없습니다. 디버그 정보가 없는 것처럼 개체를 링크합니다.
libfbxsdk-mt.lib(fbxloadingstrategy.cxx.obj) : warning LNK4099: '' PDB를 'libfbxsdk-mt.lib(fbxloadingstrategy.cxx.obj)' 또는 ''에서 찾을 수 없습니다. 디버그 정보가 없는 것처럼 개체를 링크합니다.
libfbxsdk-mt.lib(fbxsymbol.cxx.obj) : warning LNK4099: '' PDB를 'libfbxsdk-mt.lib(fbxsymbol.cxx.obj)' 또는 ''에서 찾을 수 없습니다. 디버그 정보가 없는 것처럼 개체를 링크합니다.
libfbxsdk-mt.lib(fbxscopedloadingdirectory.cxx.obj) : warning LNK4099: '' PDB를 'libfbxsdk-mt.lib(fbxscopedloadingdirectory.cxx.obj)' 또는 ''에서 찾을 수 없습니다. 디버그 정보가 없는 것처럼 개체를 링크합니다.
libfbxsdk-mt.lib(fbxscopedloadingfilename.cxx.obj) : warning LNK4099: '' PDB를 'libfbxsdk-mt.lib(fbxscopedloadingfilename.cxx.obj)' 또는 ''에서 찾을 수 없습니다. 디버그 정보가 없는 것처럼 개체를 링크합니다.
libfbxsdk-mt.lib(fbxxref.cxx.obj) : warning LNK4099: '' PDB를 'libfbxsdk-mt.lib(fbxxref.cxx.obj)' 또는 ''에서 찾을 수 없습니다. 디버그 정보가 없는 것처럼 개체를 링크합니다.
libfbxsdk-mt.lib(fbxiobase.cxx.obj) : warning LNK4099: '' PDB를 'libfbxsdk-mt.lib(fbxiobase.cxx.obj)' 또는 ''에서 찾을 수 없습니다. 디버그 정보가 없는 것처럼 개체를 링크합니다.
libfbxsdk-mt.lib(fbxexporter.cxx.obj) : warning LNK4099: '' PDB를 'libfbxsdk-mt.lib(fbxexporter.cxx.obj)' 또는 ''에서 찾을 수 없습니다. 디버그 정보가 없는 것처럼 개체를 링크합니다.
libfbxsdk-mt.lib(fbxcallbacks.cxx.obj) : warning LNK4099: '' PDB를 'libfbxsdk-mt.lib(fbxcallbacks.cxx.obj)' 또는 ''에서 찾을 수 없습니다. 디버그 정보가 없는 것처럼 개체를 링크합니다.
libfbxsdk-mt.lib(fbxio.cxx.obj) : warning LNK4099: '' PDB를 'libfbxsdk-mt.lib(fbxio.cxx.obj)' 또는 ''에서 찾을 수 없습니다. 디버그 정보가 없는 것처럼 개체를 링크합니다.
libfbxsdk-mt.lib(fbxiopluginregistry.cxx.obj) : warning LNK4099: '' PDB를 'libfbxsdk-mt.lib(fbxiopluginregistry.cxx.obj)' 또는 ''에서 찾을 수 없습니다. 디버그 정보가 없는 것처럼 개체를 링크합니다.
libfbxsdk-mt.lib(fbxaudio.cxx.obj) : warning LNK4099: '' PDB를 'libfbxsdk-mt.lib(fbxaudio.cxx.obj)' 또는 ''에서 찾을 수 없습니다. 디버그 정보가 없는 것처럼 개체를 링크합니다.
libfbxsdk-mt.lib(fbxcollection.cxx.obj) : warning LNK4099: '' PDB를 'libfbxsdk-mt.lib(fbxcollection.cxx.obj)' 또는 ''에서 찾을 수 없습니다. 디버그 정보가 없는 것처럼 개체를 링크합니다.
libfbxsdk-mt.lib(fbxaudiolayer.cxx.obj) : warning LNK4099: '' PDB를 'libfbxsdk-mt.lib(fbxaudiolayer.cxx.obj)' 또는 ''에서 찾을 수 없습니다. 디버그 정보가 없는 것처럼 개체를 링크합니다.
libfbxsdk-mt.lib(fbxcollectionexclusive.cxx.obj) : warning LNK4099: '' PDB를 'libfbxsdk-mt.lib(fbxcollectionexclusive.cxx.obj)' 또는 ''에서 찾을 수 없습니다. 디버그 정보가 없는 것처럼 개체를 링크합니다.
libfbxsdk-mt.lib(fbxcontainertemplate.cxx.obj) : warning LNK4099: '' PDB를 'libfbxsdk-mt.lib(fbxcontainertemplate.cxx.obj)' 또는 ''에서 찾을 수 없습니다. 디버그 정보가 없는 것처럼 개체를 링크합니다.
libfbxsdk-mt.lib(fbxcontainer.cxx.obj) : warning LNK4099: '' PDB를 'libfbxsdk-mt.lib(fbxcontainer.cxx.obj)' 또는 ''에서 찾을 수 없습니다. 디버그 정보가 없는 것처럼 개체를 링크합니다.
libfbxsdk-mt.lib(fbxdisplaylayer.cxx.obj) : warning LNK4099: '' PDB를 'libfbxsdk-mt.lib(fbxdisplaylayer.cxx.obj)' 또는 ''에서 찾을 수 없습니다. 디버그 정보가 없는 것처럼 개체를 링크합니다.
libfbxsdk-mt.lib(fbxdocumentinfo.cxx.obj) : warning LNK4099: '' PDB를 'libfbxsdk-mt.lib(fbxdocumentinfo.cxx.obj)' 또는 ''에서 찾을 수 없습니다. 디버그 정보가 없는 것처럼 개체를 링크합니다.
libfbxsdk-mt.lib(fbxenvironment.cxx.obj) : warning LNK4099: '' PDB를 'libfbxsdk-mt.lib(fbxenvironment.cxx.obj)' 또는 ''에서 찾을 수 없습니다. 디버그 정보가 없는 것처럼 개체를 링크합니다.
libfbxsdk-mt.lib(fbxobjectmetadata.cxx.obj) : warning LNK4099: '' PDB를 'libfbxsdk-mt.lib(fbxobjectmetadata.cxx.obj)' 또는 ''에서 찾을 수 없습니다. 디버그 정보가 없는 것처럼 개체를 링크합니다.
libfbxsdk-mt.lib(fbxpose.cxx.obj) : warning LNK4099: '' PDB를 'libfbxsdk-mt.lib(fbxpose.cxx.obj)' 또는 ''에서 찾을 수 없습니다. 디버그 정보가 없는 것처럼 개체를 링크합니다.
libfbxsdk-mt.lib(fbxreference.cxx.obj) : warning LNK4099: '' PDB를 'libfbxsdk-mt.lib(fbxreference.cxx.obj)' 또는 ''에서 찾을 수 없습니다. 디버그 정보가 없는 것처럼 개체를 링크합니다.
libfbxsdk-mt.lib(fbxanimstack.cxx.obj) : warning LNK4099: '' PDB를 'libfbxsdk-mt.lib(fbxanimstack.cxx.obj)' 또는 ''에서 찾을 수 없습니다. 디버그 정보가 없는 것처럼 개체를 링크합니다.
libfbxsdk-mt.lib(fbxanimevaluator.cxx.obj) : warning LNK4099: '' PDB를 'libfbxsdk-mt.lib(fbxanimevaluator.cxx.obj)' 또는 ''에서 찾을 수 없습니다. 디버그 정보가 없는 것처럼 개체를 링크합니다.
libfbxsdk-mt.lib(fbxsurfacematerial.cxx.obj) : warning LNK4099: '' PDB를 'libfbxsdk-mt.lib(fbxsurfacematerial.cxx.obj)' 또는 ''에서 찾을 수 없습니다. 디버그 정보가 없는 것처럼 개체를 링크합니다.
libfbxsdk-mt.lib(fbxtexture.cxx.obj) : warning LNK4099: '' PDB를 'libfbxsdk-mt.lib(fbxtexture.cxx.obj)' 또는 ''에서 찾을 수 없습니다. 디버그 정보가 없는 것처럼 개체를 링크합니다.
libfbxsdk-mt.lib(fbxnodeattribute.cxx.obj) : warning LNK4099: '' PDB를 'libfbxsdk-mt.lib(fbxnodeattribute.cxx.obj)' 또는 ''에서 찾을 수 없습니다. 디버그 정보가 없는 것처럼 개체를 링크합니다.
libfbxsdk-mt.lib(fbxglobalsettings.cxx.obj) : warning LNK4099: '' PDB를 'libfbxsdk-mt.lib(fbxglobalsettings.cxx.obj)' 또는 ''에서 찾을 수 없습니다. 디버그 정보가 없는 것처럼 개체를 링크합니다.
libfbxsdk-mt.lib(fbxselectionnode.cxx.obj) : warning LNK4099: '' PDB를 'libfbxsdk-mt.lib(fbxselectionnode.cxx.obj)' 또는 ''에서 찾을 수 없습니다. 디버그 정보가 없는 것처럼 개체를 링크합니다.
libfbxsdk-mt.lib(fbxselectionset.cxx.obj) : warning LNK4099: '' PDB를 'libfbxsdk-mt.lib(fbxselectionset.cxx.obj)' 또는 ''에서 찾을 수 없습니다. 디버그 정보가 없는 것처럼 개체를 링크합니다.
libfbxsdk-mt.lib(fbxthumbnail.cxx.obj) : warning LNK4099: '' PDB를 'libfbxsdk-mt.lib(fbxthumbnail.cxx.obj)' 또는 ''에서 찾을 수 없습니다. 디버그 정보가 없는 것처럼 개체를 링크합니다.
libfbxsdk-mt.lib(fbxvideo.cxx.obj) : warning LNK4099: '' PDB를 'libfbxsdk-mt.lib(fbxvideo.cxx.obj)' 또는 ''에서 찾을 수 없습니다. 디버그 정보가 없는 것처럼 개체를 링크합니다.
libfbxsdk-mt.lib(fbxanimcurve.cxx.obj) : warning LNK4099: '' PDB를 'libfbxsdk-mt.lib(fbxanimcurve.cxx.obj)' 또는 ''에서 찾을 수 없습니다. 디버그 정보가 없는 것처럼 개체를 링크합니다.
libfbxsdk-mt.lib(fbxanimcurvenode.cxx.obj) : warning LNK4099: '' PDB를 'libfbxsdk-mt.lib(fbxanimcurvenode.cxx.obj)' 또는 ''에서 찾을 수 없습니다. 디버그 정보가 없는 것처럼 개체를 링크합니다.
libfbxsdk-mt.lib(fbxanimlayer.cxx.obj) : warning LNK4099: '' PDB를 'libfbxsdk-mt.lib(fbxanimlayer.cxx.obj)' 또는 ''에서 찾을 수 없습니다. 디버그 정보가 없는 것처럼 개체를 링크합니다.
libfbxsdk-mt.lib(fbxanimevalclassic.cxx.obj) : warning LNK4099: '' PDB를 'libfbxsdk-mt.lib(fbxanimevalclassic.cxx.obj)' 또는 ''에서 찾을 수 없습니다. 디버그 정보가 없는 것처럼 개체를 링크합니다.
libfbxsdk-mt.lib(fbxconstraint.cxx.obj) : warning LNK4099: '' PDB를 'libfbxsdk-mt.lib(fbxconstraint.cxx.obj)' 또는 ''에서 찾을 수 없습니다. 디버그 정보가 없는 것처럼 개체를 링크합니다.
libfbxsdk-mt.lib(fbxcharacter.cxx.obj) : warning LNK4099: '' PDB를 'libfbxsdk-mt.lib(fbxcharacter.cxx.obj)' 또는 ''에서 찾을 수 없습니다. 디버그 정보가 없는 것처럼 개체를 링크합니다.
libfbxsdk-mt.lib(fbxcharacterpose.cxx.obj) : warning LNK4099: '' PDB를 'libfbxsdk-mt.lib(fbxcharacterpose.cxx.obj)' 또는 ''에서 찾을 수 없습니다. 디버그 정보가 없는 것처럼 개체를 링크합니다.
libfbxsdk-mt.lib(fbxconstraintaim.cxx.obj) : warning LNK4099: '' PDB를 'libfbxsdk-mt.lib(fbxconstraintaim.cxx.obj)' 또는 ''에서 찾을 수 없습니다. 디버그 정보가 없는 것처럼 개체를 링크합니다.
libfbxsdk-mt.lib(fbxconstraintcustom.cxx.obj) : warning LNK4099: '' PDB를 'libfbxsdk-mt.lib(fbxconstraintcustom.cxx.obj)' 또는 ''에서 찾을 수 없습니다. 디버그 정보가 없는 것처럼 개체를 링크합니다.
libfbxsdk-mt.lib(fbxconstraintparent.cxx.obj) : warning LNK4099: '' PDB를 'libfbxsdk-mt.lib(fbxconstraintparent.cxx.obj)' 또는 ''에서 찾을 수 없습니다. 디버그 정보가 없는 것처럼 개체를 링크합니다.
libfbxsdk-mt.lib(fbxconstraintposition.cxx.obj) : warning LNK4099: '' PDB를 'libfbxsdk-mt.lib(fbxconstraintposition.cxx.obj)' 또는 ''에서 찾을 수 없습니다. 디버그 정보가 없는 것처럼 개체를 링크합니다.
libfbxsdk-mt.lib(fbxconstraintrotation.cxx.obj) : warning LNK4099: '' PDB를 'libfbxsdk-mt.lib(fbxconstraintrotation.cxx.obj)' 또는 ''에서 찾을 수 없습니다. 디버그 정보가 없는 것처럼 개체를 링크합니다.
libfbxsdk-mt.lib(fbxconstraintscale.cxx.obj) : warning LNK4099: '' PDB를 'libfbxsdk-mt.lib(fbxconstraintscale.cxx.obj)' 또는 ''에서 찾을 수 없습니다. 디버그 정보가 없는 것처럼 개체를 링크합니다.
libfbxsdk-mt.lib(fbxconstraintsinglechainik.cxx.obj) : warning LNK4099: '' PDB를 'libfbxsdk-mt.lib(fbxconstraintsinglechainik.cxx.obj)' 또는 ''에서 찾을 수 없습니다. 디버그 정보가 없는 것처럼 개체를 링크합니다.
libfbxsdk-mt.lib(fbxcontrolset.cxx.obj) : warning LNK4099: '' PDB를 'libfbxsdk-mt.lib(fbxcontrolset.cxx.obj)' 또는 ''에서 찾을 수 없습니다. 디버그 정보가 없는 것처럼 개체를 링크합니다.
libfbxsdk-mt.lib(fbxdeformer.cxx.obj) : warning LNK4099: '' PDB를 'libfbxsdk-mt.lib(fbxdeformer.cxx.obj)' 또는 ''에서 찾을 수 없습니다. 디버그 정보가 없는 것처럼 개체를 링크합니다.
libfbxsdk-mt.lib(fbxblendshape.cxx.obj) : warning LNK4099: '' PDB를 'libfbxsdk-mt.lib(fbxblendshape.cxx.obj)' 또는 ''에서 찾을 수 없습니다. 디버그 정보가 없는 것처럼 개체를 링크합니다.
libfbxsdk-mt.lib(fbxsubdeformer.cxx.obj) : warning LNK4099: '' PDB를 'libfbxsdk-mt.lib(fbxsubdeformer.cxx.obj)' 또는 ''에서 찾을 수 없습니다. 디버그 정보가 없는 것처럼 개체를 링크합니다.
libfbxsdk-mt.lib(fbxblendshapechannel.cxx.obj) : warning LNK4099: '' PDB를 'libfbxsdk-mt.lib(fbxblendshapechannel.cxx.obj)' 또는 ''에서 찾을 수 없습니다. 디버그 정보가 없는 것처럼 개체를 링크합니다.
libfbxsdk-mt.lib(fbxcache.cxx.obj) : warning LNK4099: '' PDB를 'libfbxsdk-mt.lib(fbxcache.cxx.obj)' 또는 ''에서 찾을 수 없습니다. 디버그 정보가 없는 것처럼 개체를 링크합니다.
libfbxsdk-mt.lib(fbxcachedeffect.cxx.obj) : warning LNK4099: '' PDB를 'libfbxsdk-mt.lib(fbxcachedeffect.cxx.obj)' 또는 ''에서 찾을 수 없습니다. 디버그 정보가 없는 것처럼 개체를 링크합니다.
libfbxsdk-mt.lib(fbxcamera.cxx.obj) : warning LNK4099: '' PDB를 'libfbxsdk-mt.lib(fbxcamera.cxx.obj)' 또는 ''에서 찾을 수 없습니다. 디버그 정보가 없는 것처럼 개체를 링크합니다.
libfbxsdk-mt.lib(fbxcamerastereo.cxx.obj) : warning LNK4099: '' PDB를 'libfbxsdk-mt.lib(fbxcamerastereo.cxx.obj)' 또는 ''에서 찾을 수 없습니다. 디버그 정보가 없는 것처럼 개체를 링크합니다.
libfbxsdk-mt.lib(fbxcameraswitcher.cxx.obj) : warning LNK4099: '' PDB를 'libfbxsdk-mt.lib(fbxcameraswitcher.cxx.obj)' 또는 ''에서 찾을 수 없습니다. 디버그 정보가 없는 것처럼 개체를 링크합니다.
libfbxsdk-mt.lib(fbxcluster.cxx.obj) : warning LNK4099: '' PDB를 'libfbxsdk-mt.lib(fbxcluster.cxx.obj)' 또는 ''에서 찾을 수 없습니다. 디버그 정보가 없는 것처럼 개체를 링크합니다.
libfbxsdk-mt.lib(fbxgenericnode.cxx.obj) : warning LNK4099: '' PDB를 'libfbxsdk-mt.lib(fbxgenericnode.cxx.obj)' 또는 ''에서 찾을 수 없습니다. 디버그 정보가 없는 것처럼 개체를 링크합니다.
libfbxsdk-mt.lib(fbxlayercontainer.cxx.obj) : warning LNK4099: '' PDB를 'libfbxsdk-mt.lib(fbxlayercontainer.cxx.obj)' 또는 ''에서 찾을 수 없습니다. 디버그 정보가 없는 것처럼 개체를 링크합니다.
libfbxsdk-mt.lib(fbxgeometrybase.cxx.obj) : warning LNK4099: '' PDB를 'libfbxsdk-mt.lib(fbxgeometrybase.cxx.obj)' 또는 ''에서 찾을 수 없습니다. 디버그 정보가 없는 것처럼 개체를 링크합니다.
libfbxsdk-mt.lib(fbxshape.cxx.obj) : warning LNK4099: '' PDB를 'libfbxsdk-mt.lib(fbxshape.cxx.obj)' 또는 ''에서 찾을 수 없습니다. 디버그 정보가 없는 것처럼 개체를 링크합니다.
libfbxsdk-mt.lib(fbxgeometry.cxx.obj) : warning LNK4099: '' PDB를 'libfbxsdk-mt.lib(fbxgeometry.cxx.obj)' 또는 ''에서 찾을 수 없습니다. 디버그 정보가 없는 것처럼 개체를 링크합니다.
libfbxsdk-mt.lib(fbxgeometryweightedmap.cxx.obj) : warning LNK4099: '' PDB를 'libfbxsdk-mt.lib(fbxgeometryweightedmap.cxx.obj)' 또는 ''에서 찾을 수 없습니다. 디버그 정보가 없는 것처럼 개체를 링크합니다.
libfbxsdk-mt.lib(fbxlight.cxx.obj) : warning LNK4099: '' PDB를 'libfbxsdk-mt.lib(fbxlight.cxx.obj)' 또는 ''에서 찾을 수 없습니다. 디버그 정보가 없는 것처럼 개체를 링크합니다.
libfbxsdk-mt.lib(fbxline.cxx.obj) : warning LNK4099: '' PDB를 'libfbxsdk-mt.lib(fbxline.cxx.obj)' 또는 ''에서 찾을 수 없습니다. 디버그 정보가 없는 것처럼 개체를 링크합니다.
libfbxsdk-mt.lib(fbxlodgroup.cxx.obj) : warning LNK4099: '' PDB를 'libfbxsdk-mt.lib(fbxlodgroup.cxx.obj)' 또는 ''에서 찾을 수 없습니다. 디버그 정보가 없는 것처럼 개체를 링크합니다.
libfbxsdk-mt.lib(fbxmarker.cxx.obj) : warning LNK4099: '' PDB를 'libfbxsdk-mt.lib(fbxmarker.cxx.obj)' 또는 ''에서 찾을 수 없습니다. 디버그 정보가 없는 것처럼 개체를 링크합니다.
libfbxsdk-mt.lib(fbxmesh.cxx.obj) : warning LNK4099: '' PDB를 'libfbxsdk-mt.lib(fbxmesh.cxx.obj)' 또는 ''에서 찾을 수 없습니다. 디버그 정보가 없는 것처럼 개체를 링크합니다.
libfbxsdk-mt.lib(fbxnull.cxx.obj) : warning LNK4099: '' PDB를 'libfbxsdk-mt.lib(fbxnull.cxx.obj)' 또는 ''에서 찾을 수 없습니다. 디버그 정보가 없는 것처럼 개체를 링크합니다.
libfbxsdk-mt.lib(fbxnurbs.cxx.obj) : warning LNK4099: '' PDB를 'libfbxsdk-mt.lib(fbxnurbs.cxx.obj)' 또는 ''에서 찾을 수 없습니다. 디버그 정보가 없는 것처럼 개체를 링크합니다.
libfbxsdk-mt.lib(fbxnurbscurve.cxx.obj) : warning LNK4099: '' PDB를 'libfbxsdk-mt.lib(fbxnurbscurve.cxx.obj)' 또는 ''에서 찾을 수 없습니다. 디버그 정보가 없는 것처럼 개체를 링크합니다.
libfbxsdk-mt.lib(fbxnurbssurface.cxx.obj) : warning LNK4099: '' PDB를 'libfbxsdk-mt.lib(fbxnurbssurface.cxx.obj)' 또는 ''에서 찾을 수 없습니다. 디버그 정보가 없는 것처럼 개체를 링크합니다.
libfbxsdk-mt.lib(fbxopticalreference.cxx.obj) : warning LNK4099: '' PDB를 'libfbxsdk-mt.lib(fbxopticalreference.cxx.obj)' 또는 ''에서 찾을 수 없습니다. 디버그 정보가 없는 것처럼 개체를 링크합니다.
libfbxsdk-mt.lib(fbxpatch.cxx.obj) : warning LNK4099: '' PDB를 'libfbxsdk-mt.lib(fbxpatch.cxx.obj)' 또는 ''에서 찾을 수 없습니다. 디버그 정보가 없는 것처럼 개체를 링크합니다.
libfbxsdk-mt.lib(fbxproceduralgeometry.cxx.obj) : warning LNK4099: '' PDB를 'libfbxsdk-mt.lib(fbxproceduralgeometry.cxx.obj)' 또는 ''에서 찾을 수 없습니다. 디버그 정보가 없는 것처럼 개체를 링크합니다.
libfbxsdk-mt.lib(fbxskeleton.cxx.obj) : warning LNK4099: '' PDB를 'libfbxsdk-mt.lib(fbxskeleton.cxx.obj)' 또는 ''에서 찾을 수 없습니다. 디버그 정보가 없는 것처럼 개체를 링크합니다.
libfbxsdk-mt.lib(fbxskin.cxx.obj) : warning LNK4099: '' PDB를 'libfbxsdk-mt.lib(fbxskin.cxx.obj)' 또는 ''에서 찾을 수 없습니다. 디버그 정보가 없는 것처럼 개체를 링크합니다.
libfbxsdk-mt.lib(fbxsubdiv.cxx.obj) : warning LNK4099: '' PDB를 'libfbxsdk-mt.lib(fbxsubdiv.cxx.obj)' 또는 ''에서 찾을 수 없습니다. 디버그 정보가 없는 것처럼 개체를 링크합니다.
libfbxsdk-mt.lib(fbxtrimnurbssurface.cxx.obj) : warning LNK4099: '' PDB를 'libfbxsdk-mt.lib(fbxtrimnurbssurface.cxx.obj)' 또는 ''에서 찾을 수 없습니다. 디버그 정보가 없는 것처럼 개체를 링크합니다.
libfbxsdk-mt.lib(fbxvertexcachedeformer.cxx.obj) : warning LNK4099: '' PDB를 'libfbxsdk-mt.lib(fbxvertexcachedeformer.cxx.obj)' 또는 ''에서 찾을 수 없습니다. 디버그 정보가 없는 것처럼 개체를 링크합니다.
libfbxsdk-mt.lib(fbxbindingtable.cxx.obj) : warning LNK4099: '' PDB를 'libfbxsdk-mt.lib(fbxbindingtable.cxx.obj)' 또는 ''에서 찾을 수 없습니다. 디버그 정보가 없는 것처럼 개체를 링크합니다.
libfbxsdk-mt.lib(fbxbindingoperator.cxx.obj) : warning LNK4099: '' PDB를 'libfbxsdk-mt.lib(fbxbindingoperator.cxx.obj)' 또는 ''에서 찾을 수 없습니다. 디버그 정보가 없는 것처럼 개체를 링크합니다.
libfbxsdk-mt.lib(fbxfiletexture.cxx.obj) : warning LNK4099: '' PDB를 'libfbxsdk-mt.lib(fbxfiletexture.cxx.obj)' 또는 ''에서 찾을 수 없습니다. 디버그 정보가 없는 것처럼 개체를 링크합니다.
libfbxsdk-mt.lib(fbxlayeredtexture.cxx.obj) : warning LNK4099: '' PDB를 'libfbxsdk-mt.lib(fbxlayeredtexture.cxx.obj)' 또는 ''에서 찾을 수 없습니다. 디버그 정보가 없는 것처럼 개체를 링크합니다.
libfbxsdk-mt.lib(fbxproceduraltexture.cxx.obj) : warning LNK4099: '' PDB를 'libfbxsdk-mt.lib(fbxproceduraltexture.cxx.obj)' 또는 ''에서 찾을 수 없습니다. 디버그 정보가 없는 것처럼 개체를 링크합니다.
libfbxsdk-mt.lib(fbxsurfacelambert.cxx.obj) : warning LNK4099: '' PDB를 'libfbxsdk-mt.lib(fbxsurfacelambert.cxx.obj)' 또는 ''에서 찾을 수 없습니다. 디버그 정보가 없는 것처럼 개체를 링크합니다.
libfbxsdk-mt.lib(fbxsurfacephong.cxx.obj) : warning LNK4099: '' PDB를 'libfbxsdk-mt.lib(fbxsurfacephong.cxx.obj)' 또는 ''에서 찾을 수 없습니다. 디버그 정보가 없는 것처럼 개체를 링크합니다.
libfbxsdk-mt.lib(fbxprocessor.cxx.obj) : warning LNK4099: '' PDB를 'libfbxsdk-mt.lib(fbxprocessor.cxx.obj)' 또는 ''에서 찾을 수 없습니다. 디버그 정보가 없는 것처럼 개체를 링크합니다.
libfbxsdk-mt.lib(fbxprocessorxref.cxx.obj) : warning LNK4099: '' PDB를 'libfbxsdk-mt.lib(fbxprocessorxref.cxx.obj)' 또는 ''에서 찾을 수 없습니다. 디버그 정보가 없는 것처럼 개체를 링크합니다.
libfbxsdk-mt.lib(fbxprocessorxrefuserlib.cxx.obj) : warning LNK4099: '' PDB를 'libfbxsdk-mt.lib(fbxprocessorxrefuserlib.cxx.obj)' 또는 ''에서 찾을 수 없습니다. 디버그 정보가 없는 것처럼 개체를 링크합니다.
libfbxsdk-mt.lib(fbxprocessorshaderdependency.cxx.obj) : warning LNK4099: '' PDB를 'libfbxsdk-mt.lib(fbxprocessorshaderdependency.cxx.obj)' 또는 ''에서 찾을 수 없습니다. 디버그 정보가 없는 것처럼 개체를 링크합니다.
libfbxsdk-mt.lib(fbxmanipulators.cxx.obj) : warning LNK4099: '' PDB를 'libfbxsdk-mt.lib(fbxmanipulators.cxx.obj)' 또는 ''에서 찾을 수 없습니다. 디버그 정보가 없는 것처럼 개체를 링크합니다.
libfbxsdk-mt.lib(fbxusernotification.cxx.obj) : warning LNK4099: '' PDB를 'libfbxsdk-mt.lib(fbxusernotification.cxx.obj)' 또는 ''에서 찾을 수 없습니다. 디버그 정보가 없는 것처럼 개체를 링크합니다.
libfbxsdk-mt.lib(fbxalembicinterface.cxx.obj) : warning LNK4099: '' PDB를 'libfbxsdk-mt.lib(fbxalembicinterface.cxx.obj)' 또는 ''에서 찾을 수 없습니다. 디버그 정보가 없는 것처럼 개체를 링크합니다.
libfbxsdk-mt.lib(kfcurve.cxx.obj) : warning LNK4099: '' PDB를 'libfbxsdk-mt.lib(kfcurve.cxx.obj)' 또는 ''에서 찾을 수 없습니다. 디버그 정보가 없는 것처럼 개체를 링크합니다.
libfbxsdk-mt.lib(fbxanimcurvekfcurve.cxx.obj) : warning LNK4099: '' PDB를 'libfbxsdk-mt.lib(fbxanimcurvekfcurve.cxx.obj)' 또는 ''에서 찾을 수 없습니다. 디버그 정보가 없는 것처럼 개체를 링크합니다.
libfbxsdk-mt.lib(fbxlocale.cxx.obj) : warning LNK4099: '' PDB를 'libfbxsdk-mt.lib(fbxlocale.cxx.obj)' 또는 ''에서 찾을 수 없습니다. 디버그 정보가 없는 것처럼 개체를 링크합니다.
libfbxsdk-mt.lib(fbxmessage.cxx.obj) : warning LNK4099: '' PDB를 'libfbxsdk-mt.lib(fbxmessage.cxx.obj)' 또는 ''에서 찾을 수 없습니다. 디버그 정보가 없는 것처럼 개체를 링크합니다.
libfbxsdk-mt.lib(fbxlog.cxx.obj) : warning LNK4099: '' PDB를 'libfbxsdk-mt.lib(fbxlog.cxx.obj)' 또는 ''에서 찾을 수 없습니다. 디버그 정보가 없는 것처럼 개체를 링크합니다.
libfbxsdk-mt.lib(fbxperipheral.cxx.obj) : warning LNK4099: '' PDB를 'libfbxsdk-mt.lib(fbxperipheral.cxx.obj)' 또는 ''에서 찾을 수 없습니다. 디버그 정보가 없는 것처럼 개체를 링크합니다.
libfbxsdk-mt.lib(fbxmediaclip.cxx.obj) : warning LNK4099: '' PDB를 'libfbxsdk-mt.lib(fbxmediaclip.cxx.obj)' 또는 ''에서 찾을 수 없습니다. 디버그 정보가 없는 것처럼 개체를 링크합니다.
libfbxsdk-mt.lib(fbxanimcurvebase.cxx.obj) : warning LNK4099: '' PDB를 'libfbxsdk-mt.lib(fbxanimcurvebase.cxx.obj)' 또는 ''에서 찾을 수 없습니다. 디버그 정보가 없는 것처럼 개체를 링크합니다.
libfbxsdk-mt.lib(fbxbindingtablebase.cxx.obj) : warning LNK4099: '' PDB를 'libfbxsdk-mt.lib(fbxbindingtablebase.cxx.obj)' 또는 ''에서 찾을 수 없습니다. 디버그 정보가 없는 것처럼 개체를 링크합니다.
libfbxsdk-mt.lib(fbxfile.cxx.obj) : warning LNK4099: '' PDB를 'libfbxsdk-mt.lib(fbxfile.cxx.obj)' 또는 ''에서 찾을 수 없습니다. 디버그 정보가 없는 것처럼 개체를 링크합니다.
libfbxsdk-mt.lib(fbxstatus.cxx.obj) : warning LNK4099: '' PDB를 'libfbxsdk-mt.lib(fbxstatus.cxx.obj)' 또는 ''에서 찾을 수 없습니다. 디버그 정보가 없는 것처럼 개체를 링크합니다.
libfbxsdk-mt.lib(fbxthread.cxx.obj) : warning LNK4099: '' PDB를 'libfbxsdk-mt.lib(fbxthread.cxx.obj)' 또는 ''에서 찾을 수 없습니다. 디버그 정보가 없는 것처럼 개체를 링크합니다.
libfbxsdk-mt.lib(fbxtakeinfo.cxx.obj) : warning LNK4099: '' PDB를 'libfbxsdk-mt.lib(fbxtakeinfo.cxx.obj)' 또는 ''에서 찾을 수 없습니다. 디버그 정보가 없는 것처럼 개체를 링크합니다.
libfbxsdk-mt.lib(fbxaxissystem.cxx.obj) : warning LNK4099: '' PDB를 'libfbxsdk-mt.lib(fbxaxissystem.cxx.obj)' 또는 ''에서 찾을 수 없습니다. 디버그 정보가 없는 것처럼 개체를 링크합니다.
libfbxsdk-mt.lib(fbxprogress.cxx.obj) : warning LNK4099: '' PDB를 'libfbxsdk-mt.lib(fbxprogress.cxx.obj)' 또는 ''에서 찾을 수 없습니다. 디버그 정보가 없는 것처럼 개체를 링크합니다.
libfbxsdk-mt.lib(fbxstatistics.cxx.obj) : warning LNK4099: '' PDB를 'libfbxsdk-mt.lib(fbxstatistics.cxx.obj)' 또는 ''에서 찾을 수 없습니다. 디버그 정보가 없는 것처럼 개체를 링크합니다.
libfbxsdk-mt.lib(fbxreaderfbx5.cxx.obj) : warning LNK4099: '' PDB를 'libfbxsdk-mt.lib(fbxreaderfbx5.cxx.obj)' 또는 ''에서 찾을 수 없습니다. 디버그 정보가 없는 것처럼 개체를 링크합니다.
libfbxsdk-mt.lib(fbxvector4.cxx.obj) : warning LNK4099: '' PDB를 'libfbxsdk-mt.lib(fbxvector4.cxx.obj)' 또는 ''에서 찾을 수 없습니다. 디버그 정보가 없는 것처럼 개체를 링크합니다.
libfbxsdk-mt.lib(fbxtransforms.cxx.obj) : warning LNK4099: '' PDB를 'libfbxsdk-mt.lib(fbxtransforms.cxx.obj)' 또는 ''에서 찾을 수 없습니다. 디버그 정보가 없는 것처럼 개체를 링크합니다.
libfbxsdk-mt.lib(fbxanimcurvefilter.cxx.obj) : warning LNK4099: '' PDB를 'libfbxsdk-mt.lib(fbxanimcurvefilter.cxx.obj)' 또는 ''에서 찾을 수 없습니다. 디버그 정보가 없는 것처럼 개체를 링크합니다.
libfbxsdk-mt.lib(fbxanimcurvefilterunroll.cxx.obj) : warning LNK4099: '' PDB를 'libfbxsdk-mt.lib(fbxanimcurvefilterunroll.cxx.obj)' 또는 ''에서 찾을 수 없습니다. 디버그 정보가 없는 것처럼 개체를 링크합니다.
libfbxsdk-mt.lib(fbxanimcurvefiltermatrixconverter.cxx.obj) : warning LNK4099: '' PDB를 'libfbxsdk-mt.lib(fbxanimcurvefiltermatrixconverter.cxx.obj)' 또는 ''에서 찾을 수 없습니다. 디버그 정보가 없는 것처럼 개체를 링크합니다.
libfbxsdk-mt.lib(fbxdeformationsevaluator.cxx.obj) : warning LNK4099: '' PDB를 'libfbxsdk-mt.lib(fbxdeformationsevaluator.cxx.obj)' 또는 ''에서 찾을 수 없습니다. 디버그 정보가 없는 것처럼 개체를 링크합니다.
libfbxsdk-mt.lib(fbxmath.cxx.obj) : warning LNK4099: '' PDB를 'libfbxsdk-mt.lib(fbxmath.cxx.obj)' 또는 ''에서 찾을 수 없습니다. 디버그 정보가 없는 것처럼 개체를 링크합니다.
libfbxsdk-mt.lib(fbxgloballightsettings.cxx.obj) : warning LNK4099: '' PDB를 'libfbxsdk-mt.lib(fbxgloballightsettings.cxx.obj)' 또는 ''에서 찾을 수 없습니다. 디버그 정보가 없는 것처럼 개체를 링크합니다.
libfbxsdk-mt.lib(fbxglobalcamerasettings.cxx.obj) : warning LNK4099: '' PDB를 'libfbxsdk-mt.lib(fbxglobalcamerasettings.cxx.obj)' 또는 ''에서 찾을 수 없습니다. 디버그 정보가 없는 것처럼 개체를 링크합니다.
libfbxsdk-mt.lib(fbxmultimap.cxx.obj) : warning LNK4099: '' PDB를 'libfbxsdk-mt.lib(fbxmultimap.cxx.obj)' 또는 ''에서 찾을 수 없습니다. 디버그 정보가 없는 것처럼 개체를 링크합니다.
libfbxsdk-mt.lib(fbxlayer.cxx.obj) : warning LNK4099: '' PDB를 'libfbxsdk-mt.lib(fbxlayer.cxx.obj)' 또는 ''에서 찾을 수 없습니다. 디버그 정보가 없는 것처럼 개체를 링크합니다.
libfbxsdk-mt.lib(fbxanimcurvefilterconstkeyredu.cxx.obj) : warning LNK4099: '' PDB를 'libfbxsdk-mt.lib(fbxanimcurvefilterconstkeyredu.cxx.obj)' 또는 ''에서 찾을 수 없습니다. 디버그 정보가 없는 것처럼 개체를 링크합니다.
libfbxsdk-mt.lib(fbxanimcurvefilterscalecompensate.cxx.obj) : warning LNK4099: '' PDB를 'libfbxsdk-mt.lib(fbxanimcurvefilterscalecompensate.cxx.obj)' 또는 ''에서 찾을 수 없습니다. 디버그 정보가 없는 것처럼 개체를 링크합니다.
libfbxsdk-mt.lib(fbxanimcurvefilterscale.cxx.obj) : warning LNK4099: '' PDB를 'libfbxsdk-mt.lib(fbxanimcurvefilterscale.cxx.obj)' 또는 ''에서 찾을 수 없습니다. 디버그 정보가 없는 것처럼 개체를 링크합니다.
libfbxsdk-mt.lib(fbxgeometryconverter.cxx.obj) : warning LNK4099: '' PDB를 'libfbxsdk-mt.lib(fbxgeometryconverter.cxx.obj)' 또는 ''에서 찾을 수 없습니다. 디버그 정보가 없는 것처럼 개체를 링크합니다.
libfbxsdk-mt.lib(fbxclonemanager.cxx.obj) : warning LNK4099: '' PDB를 'libfbxsdk-mt.lib(fbxclonemanager.cxx.obj)' 또는 ''에서 찾을 수 없습니다. 디버그 정보가 없는 것처럼 개체를 링크합니다.
libfbxsdk-mt.lib(fbxfolder.cxx.obj) : warning LNK4099: '' PDB를 'libfbxsdk-mt.lib(fbxfolder.cxx.obj)' 또는 ''에서 찾을 수 없습니다. 디버그 정보가 없는 것처럼 개체를 링크합니다.
libfbxsdk-mt.lib(fbxconnectionpoint.cxx.obj) : warning LNK4099: '' PDB를 'libfbxsdk-mt.lib(fbxconnectionpoint.cxx.obj)' 또는 ''에서 찾을 수 없습니다. 디버그 정보가 없는 것처럼 개체를 링크합니다.
libfbxsdk-mt.lib(fbxpropertytypes.cxx.obj) : warning LNK4099: '' PDB를 'libfbxsdk-mt.lib(fbxpropertytypes.cxx.obj)' 또는 ''에서 찾을 수 없습니다. 디버그 정보가 없는 것처럼 개체를 링크합니다.
libfbxsdk-mt.lib(fbxpropertydef.cxx.obj) : warning LNK4099: '' PDB를 'libfbxsdk-mt.lib(fbxpropertydef.cxx.obj)' 또는 ''에서 찾을 수 없습니다. 디버그 정보가 없는 것처럼 개체를 링크합니다.
libfbxsdk-mt.lib(fbxpropertypage.cxx.obj) : warning LNK4099: '' PDB를 'libfbxsdk-mt.lib(fbxpropertypage.cxx.obj)' 또는 ''에서 찾을 수 없습니다. 디버그 정보가 없는 것처럼 개체를 링크합니다.
libfbxsdk-mt.lib(fbximplementationfilter.cxx.obj) : warning LNK4099: '' PDB를 'libfbxsdk-mt.lib(fbximplementationfilter.cxx.obj)' 또는 ''에서 찾을 수 없습니다. 디버그 정보가 없는 것처럼 개체를 링크합니다.
libfbxsdk-mt.lib(fbxdependencieshelper.cxx.obj) : warning LNK4099: '' PDB를 'libfbxsdk-mt.lib(fbxdependencieshelper.cxx.obj)' 또는 ''에서 찾을 수 없습니다. 디버그 정보가 없는 것처럼 개체를 링크합니다.
libfbxsdk-mt.lib(fbxtimecode.cxx.obj) : warning LNK4099: '' PDB를 'libfbxsdk-mt.lib(fbxtimecode.cxx.obj)' 또는 ''에서 찾을 수 없습니다. 디버그 정보가 없는 것처럼 개체를 링크합니다.
libfbxsdk-mt.lib(fbxquaternion.cxx.obj) : warning LNK4099: '' PDB를 'libfbxsdk-mt.lib(fbxquaternion.cxx.obj)' 또는 ''에서 찾을 수 없습니다. 디버그 정보가 없는 것처럼 개체를 링크합니다.
libfbxsdk-mt.lib(fbxobjectscontainer.cxx.obj) : warning LNK4099: '' PDB를 'libfbxsdk-mt.lib(fbxobjectscontainer.cxx.obj)' 또는 ''에서 찾을 수 없습니다. 디버그 정보가 없는 것처럼 개체를 링크합니다.
libfbxsdk-mt.lib(fbxlimitsutilities.cxx.obj) : warning LNK4099: '' PDB를 'libfbxsdk-mt.lib(fbxlimitsutilities.cxx.obj)' 또는 ''에서 찾을 수 없습니다. 디버그 정보가 없는 것처럼 개체를 링크합니다.
libfbxsdk-mt.lib(fbxrootnodeutility.cxx.obj) : warning LNK4099: '' PDB를 'libfbxsdk-mt.lib(fbxrootnodeutility.cxx.obj)' 또는 ''에서 찾을 수 없습니다. 디버그 정보가 없는 것처럼 개체를 링크합니다.
libfbxsdk-mt.lib(fbxlistener.cxx.obj) : warning LNK4099: '' PDB를 'libfbxsdk-mt.lib(fbxlistener.cxx.obj)' 또는 ''에서 찾을 수 없습니다. 디버그 정보가 없는 것처럼 개체를 링크합니다.
libfbxsdk-mt.lib(fbxmodule.cxx.obj) : warning LNK4099: '' PDB를 'libfbxsdk-mt.lib(fbxmodule.cxx.obj)' 또는 ''에서 찾을 수 없습니다. 디버그 정보가 없는 것처럼 개체를 링크합니다.
libfbxsdk-mt.lib(fbxwriter.cxx.obj) : warning LNK4099: '' PDB를 'libfbxsdk-mt.lib(fbxwriter.cxx.obj)' 또는 ''에서 찾을 수 없습니다. 디버그 정보가 없는 것처럼 개체를 링크합니다.
libfbxsdk-mt.lib(fbxwriterfbx5.cxx.obj) : warning LNK4099: '' PDB를 'libfbxsdk-mt.lib(fbxwriterfbx5.cxx.obj)' 또는 ''에서 찾을 수 없습니다. 디버그 정보가 없는 것처럼 개체를 링크합니다.
libfbxsdk-mt.lib(fbxtypes.cxx.obj) : warning LNK4099: '' PDB를 'libfbxsdk-mt.lib(fbxtypes.cxx.obj)' 또는 ''에서 찾을 수 없습니다. 디버그 정보가 없는 것처럼 개체를 링크합니다.
libfbxsdk-mt.lib(fbxbase64coder.cxx.obj) : warning LNK4099: '' PDB를 'libfbxsdk-mt.lib(fbxbase64coder.cxx.obj)' 또는 ''에서 찾을 수 없습니다. 디버그 정보가 없는 것처럼 개체를 링크합니다.
libfbxsdk-mt.lib(fbxchainedfile.cxx.obj) : warning LNK4099: '' PDB를 'libfbxsdk-mt.lib(fbxchainedfile.cxx.obj)' 또는 ''에서 찾을 수 없습니다. 디버그 정보가 없는 것처럼 개체를 링크합니다.
libfbxsdk-mt.lib(fbxcrcfile.cxx.obj) : warning LNK4099: '' PDB를 'libfbxsdk-mt.lib(fbxcrcfile.cxx.obj)' 또는 ''에서 찾을 수 없습니다. 디버그 정보가 없는 것처럼 개체를 링크합니다.
libfbxsdk-mt.lib(fbxencryptedfile.cxx.obj) : warning LNK4099: '' PDB를 'libfbxsdk-mt.lib(fbxencryptedfile.cxx.obj)' 또는 ''에서 찾을 수 없습니다. 디버그 정보가 없는 것처럼 개체를 링크합니다.
libfbxsdk-mt.lib(fbxmemoryfile.cxx.obj) : warning LNK4099: '' PDB를 'libfbxsdk-mt.lib(fbxmemoryfile.cxx.obj)' 또는 ''에서 찾을 수 없습니다. 디버그 정보가 없는 것처럼 개체를 링크합니다.
libfbxsdk-mt.lib(fbxiofield.cxx.obj) : warning LNK4099: '' PDB를 'libfbxsdk-mt.lib(fbxiofield.cxx.obj)' 또는 ''에서 찾을 수 없습니다. 디버그 정보가 없는 것처럼 개체를 링크합니다.
libfbxsdk-mt.lib(fbxiofieldlist.cxx.obj) : warning LNK4099: '' PDB를 'libfbxsdk-mt.lib(fbxiofieldlist.cxx.obj)' 또는 ''에서 찾을 수 없습니다. 디버그 정보가 없는 것처럼 개체를 링크합니다.
libfbxsdk-mt.lib(fbxiofieldzlib.cxx.obj) : warning LNK4099: '' PDB를 'libfbxsdk-mt.lib(fbxiofieldzlib.cxx.obj)' 또는 ''에서 찾을 수 없습니다. 디버그 정보가 없는 것처럼 개체를 링크합니다.
libfbxsdk-mt.lib(fbxinternalfileio.cxx.obj) : warning LNK4099: '' PDB를 'libfbxsdk-mt.lib(fbxinternalfileio.cxx.obj)' 또는 ''에서 찾을 수 없습니다. 디버그 정보가 없는 것처럼 개체를 링크합니다.
libfbxsdk-mt.lib(fbxrenamingstrategyutilities.cxx.obj) : warning LNK4099: '' PDB를 'libfbxsdk-mt.lib(fbxrenamingstrategyutilities.cxx.obj)' 또는 ''에서 찾을 수 없습니다. 디버그 정보가 없는 것처럼 개체를 링크합니다.
libfbxsdk-mt.lib(fbxanimevalstate.cxx.obj) : warning LNK4099: '' PDB를 'libfbxsdk-mt.lib(fbxanimevalstate.cxx.obj)' 또는 ''에서 찾을 수 없습니다. 디버그 정보가 없는 것처럼 개체를 링크합니다.
libfbxsdk-mt.lib(fbxvector2.cxx.obj) : warning LNK4099: '' PDB를 'libfbxsdk-mt.lib(fbxvector2.cxx.obj)' 또는 ''에서 찾을 수 없습니다. 디버그 정보가 없는 것처럼 개체를 링크합니다.
libfbxsdk-mt.lib(kfcurvenode.cxx.obj) : warning LNK4099: '' PDB를 'libfbxsdk-mt.lib(kfcurvenode.cxx.obj)' 또는 ''에서 찾을 수 없습니다. 디버그 정보가 없는 것처럼 개체를 링크합니다.
libfbxsdk-mt.lib(kdatatypes.cxx.obj) : warning LNK4099: '' PDB를 'libfbxsdk-mt.lib(kdatatypes.cxx.obj)' 또는 ''에서 찾을 수 없습니다. 디버그 정보가 없는 것처럼 개체를 링크합니다.
libfbxsdk-mt.lib(awCacheFileInterface.cpp.obj) : warning LNK4099: '' PDB를 'libfbxsdk-mt.lib(awCacheFileInterface.cpp.obj)' 또는 ''에서 찾을 수 없습니다. 디버그 정보가 없는 것처럼 개체를 링크합니다.
libfbxsdk-mt.lib(awPointCache2IO.cpp.obj) : warning LNK4099: '' PDB를 'libfbxsdk-mt.lib(awPointCache2IO.cpp.obj)' 또는 ''에서 찾을 수 없습니다. 디버그 정보가 없는 것처럼 개체를 링크합니다.
libfbxsdk-mt.lib(fbxweightedmapping.cxx.obj) : warning LNK4099: '' PDB를 'libfbxsdk-mt.lib(fbxweightedmapping.cxx.obj)' 또는 ''에서 찾을 수 없습니다. 디버그 정보가 없는 것처럼 개체를 링크합니다.
libfbxsdk-mt.lib(fbxnurbscurveevaluator.cxx.obj) : warning LNK4099: '' PDB를 'libfbxsdk-mt.lib(fbxnurbscurveevaluator.cxx.obj)' 또는 ''에서 찾을 수 없습니다. 디버그 정보가 없는 것처럼 개체를 링크합니다.
libfbxsdk-mt.lib(fbxbindingtableentry.cxx.obj) : warning LNK4099: '' PDB를 'libfbxsdk-mt.lib(fbxbindingtableentry.cxx.obj)' 또는 ''에서 찾을 수 없습니다. 디버그 정보가 없는 것처럼 개체를 링크합니다.
libfbxsdk-mt.lib(fbxbindingsentryview.cxx.obj) : warning LNK4099: '' PDB를 'libfbxsdk-mt.lib(fbxbindingsentryview.cxx.obj)' 또는 ''에서 찾을 수 없습니다. 디버그 정보가 없는 것처럼 개체를 링크합니다.
libfbxsdk-mt.lib(fbxconstantentryview.cxx.obj) : warning LNK4099: '' PDB를 'libfbxsdk-mt.lib(fbxconstantentryview.cxx.obj)' 또는 ''에서 찾을 수 없습니다. 디버그 정보가 없는 것처럼 개체를 링크합니다.
libfbxsdk-mt.lib(fbxoperatorentryview.cxx.obj) : warning LNK4099: '' PDB를 'libfbxsdk-mt.lib(fbxoperatorentryview.cxx.obj)' 또는 ''에서 찾을 수 없습니다. 디버그 정보가 없는 것처럼 개체를 링크합니다.
libfbxsdk-mt.lib(fbxpropertyentryview.cxx.obj) : warning LNK4099: '' PDB를 'libfbxsdk-mt.lib(fbxpropertyentryview.cxx.obj)' 또는 ''에서 찾을 수 없습니다. 디버그 정보가 없는 것처럼 개체를 링크합니다.
libfbxsdk-mt.lib(ErrorHandler.cpp.obj) : warning LNK4099: '' PDB를 'libfbxsdk-mt.lib(ErrorHandler.cpp.obj)' 또는 ''에서 찾을 수 없습니다. 디버그 정보가 없는 것처럼 개체를 링크합니다.
libfbxsdk-mt.lib(IArchive.cpp.obj) : warning LNK4099: '' PDB를 'libfbxsdk-mt.lib(IArchive.cpp.obj)' 또는 ''에서 찾을 수 없습니다. 디버그 정보가 없는 것처럼 개체를 링크합니다.
libfbxsdk-mt.lib(ArchiveInfo.cpp.obj) : warning LNK4099: '' PDB를 'libfbxsdk-mt.lib(ArchiveInfo.cpp.obj)' 또는 ''에서 찾을 수 없습니다. 디버그 정보가 없는 것처럼 개체를 링크합니다.
libfbxsdk-mt.lib(IObject.cpp.obj) : warning LNK4099: '' PDB를 'libfbxsdk-mt.lib(IObject.cpp.obj)' 또는 ''에서 찾을 수 없습니다. 디버그 정보가 없는 것처럼 개체를 링크합니다.
libfbxsdk-mt.lib(ICompoundProperty.cpp.obj) : warning LNK4099: '' PDB를 'libfbxsdk-mt.lib(ICompoundProperty.cpp.obj)' 또는 ''에서 찾을 수 없습니다. 디버그 정보가 없는 것처럼 개체를 링크합니다.
libfbxsdk-mt.lib(IArrayProperty.cpp.obj) : warning LNK4099: '' PDB를 'libfbxsdk-mt.lib(IArrayProperty.cpp.obj)' 또는 ''에서 찾을 수 없습니다. 디버그 정보가 없는 것처럼 개체를 링크합니다.
libfbxsdk-mt.lib(IScalarProperty.cpp.obj) : warning LNK4099: '' PDB를 'libfbxsdk-mt.lib(IScalarProperty.cpp.obj)' 또는 ''에서 찾을 수 없습니다. 디버그 정보가 없는 것처럼 개체를 링크합니다.
libfbxsdk-mt.lib(IFactory.cpp.obj) : warning LNK4099: '' PDB를 'libfbxsdk-mt.lib(IFactory.cpp.obj)' 또는 ''에서 찾을 수 없습니다. 디버그 정보가 없는 것처럼 개체를 링크합니다.
libfbxsdk-mt.lib(XformSample.cpp.obj) : warning LNK4099: '' PDB를 'libfbxsdk-mt.lib(XformSample.cpp.obj)' 또는 ''에서 찾을 수 없습니다. 디버그 정보가 없는 것처럼 개체를 링크합니다.
libfbxsdk-mt.lib(IXform.cpp.obj) : warning LNK4099: '' PDB를 'libfbxsdk-mt.lib(IXform.cpp.obj)' 또는 ''에서 찾을 수 없습니다. 디버그 정보가 없는 것처럼 개체를 링크합니다.
libfbxsdk-mt.lib(fbxalembicgeometry.cxx.obj) : warning LNK4099: '' PDB를 'libfbxsdk-mt.lib(fbxalembicgeometry.cxx.obj)' 또는 ''에서 찾을 수 없습니다. 디버그 정보가 없는 것처럼 개체를 링크합니다.
libfbxsdk-mt.lib(fbxalembicmaterial.cxx.obj) : warning LNK4099: '' PDB를 'libfbxsdk-mt.lib(fbxalembicmaterial.cxx.obj)' 또는 ''에서 찾을 수 없습니다. 디버그 정보가 없는 것처럼 개체를 링크합니다.
libfbxsdk-mt.lib(fbxalembicxform.cxx.obj) : warning LNK4099: '' PDB를 'libfbxsdk-mt.lib(fbxalembicxform.cxx.obj)' 또는 ''에서 찾을 수 없습니다. 디버그 정보가 없는 것처럼 개체를 링크합니다.
libfbxsdk-mt.lib(fbxalembicobject.cxx.obj) : warning LNK4099: '' PDB를 'libfbxsdk-mt.lib(fbxalembicobject.cxx.obj)' 또는 ''에서 찾을 수 없습니다. 디버그 정보가 없는 것처럼 개체를 링크합니다.
libfbxsdk-mt.lib(fbxmemorypool.cxx.obj) : warning LNK4099: '' PDB를 'libfbxsdk-mt.lib(fbxmemorypool.cxx.obj)' 또는 ''에서 찾을 수 없습니다. 디버그 정보가 없는 것처럼 개체를 링크합니다.
libfbxsdk-mt.lib(kfcurveglobal.cxx.obj) : warning LNK4099: '' PDB를 'libfbxsdk-mt.lib(kfcurveglobal.cxx.obj)' 또는 ''에서 찾을 수 없습니다. 디버그 정보가 없는 것처럼 개체를 링크합니다.
libfbxsdk-mt.lib(fbxsync.cxx.obj) : warning LNK4099: '' PDB를 'libfbxsdk-mt.lib(fbxsync.cxx.obj)' 또는 ''에서 찾을 수 없습니다. 디버그 정보가 없는 것처럼 개체를 링크합니다.
libfbxsdk-mt.lib(xmlHelper.cxx.obj) : warning LNK4099: '' PDB를 'libfbxsdk-mt.lib(xmlHelper.cxx.obj)' 또는 ''에서 찾을 수 없습니다. 디버그 정보가 없는 것처럼 개체를 링크합니다.
libfbxsdk-mt.lib(fbxstream.cxx.obj) : warning LNK4099: '' PDB를 'libfbxsdk-mt.lib(fbxstream.cxx.obj)' 또는 ''에서 찾을 수 없습니다. 디버그 정보가 없는 것처럼 개체를 링크합니다.
libfbxsdk-mt.lib(fbxreader.cxx.obj) : warning LNK4099: '' PDB를 'libfbxsdk-mt.lib(fbxreader.cxx.obj)' 또는 ''에서 찾을 수 없습니다. 디버그 정보가 없는 것처럼 개체를 링크합니다.
libfbxsdk-mt.lib(fbxanimcurvefiltertss.cxx.obj) : warning LNK4099: '' PDB를 'libfbxsdk-mt.lib(fbxanimcurvefiltertss.cxx.obj)' 또는 ''에서 찾을 수 없습니다. 디버그 정보가 없는 것처럼 개체를 링크합니다.
libfbxsdk-mt.lib(fbxanimutilities.cxx.obj) : warning LNK4099: '' PDB를 'libfbxsdk-mt.lib(fbxanimutilities.cxx.obj)' 또는 ''에서 찾을 수 없습니다. 디버그 정보가 없는 것처럼 개체를 링크합니다.
libfbxsdk-mt.lib(fbxmaterialconverter.cxx.obj) : warning LNK4099: '' PDB를 'libfbxsdk-mt.lib(fbxmaterialconverter.cxx.obj)' 또는 ''에서 찾을 수 없습니다. 디버그 정보가 없는 것처럼 개체를 링크합니다.
libfbxsdk-mt.lib(fbxrenamingstrategyfbx5.cxx.obj) : warning LNK4099: '' PDB를 'libfbxsdk-mt.lib(fbxrenamingstrategyfbx5.cxx.obj)' 또는 ''에서 찾을 수 없습니다. 디버그 정보가 없는 것처럼 개체를 링크합니다.
libfbxsdk-mt.lib(fbxscenecheckutility.cxx.obj) : warning LNK4099: '' PDB를 'libfbxsdk-mt.lib(fbxscenecheckutility.cxx.obj)' 또는 ''에서 찾을 수 없습니다. 디버그 정보가 없는 것처럼 개체를 링크합니다.
libfbxsdk-mt.lib(fbxanimcurvefilterkeysync.cxx.obj) : warning LNK4099: '' PDB를 'libfbxsdk-mt.lib(fbxanimcurvefilterkeysync.cxx.obj)' 또는 ''에서 찾을 수 없습니다. 디버그 정보가 없는 것처럼 개체를 링크합니다.
libfbxsdk-mt.lib(fbxanimcurvefilterresample.cxx.obj) : warning LNK4099: '' PDB를 'libfbxsdk-mt.lib(fbxanimcurvefilterresample.cxx.obj)' 또는 ''에서 찾을 수 없습니다. 디버그 정보가 없는 것처럼 개체를 링크합니다.
libfbxsdk-mt.lib(fbxdualquaternion.cxx.obj) : warning LNK4099: '' PDB를 'libfbxsdk-mt.lib(fbxdualquaternion.cxx.obj)' 또는 ''에서 찾을 수 없습니다. 디버그 정보가 없는 것처럼 개체를 링크합니다.
libfbxsdk-mt.lib(kfcurveutils.cxx.obj) : warning LNK4099: '' PDB를 'libfbxsdk-mt.lib(kfcurveutils.cxx.obj)' 또는 ''에서 찾을 수 없습니다. 디버그 정보가 없는 것처럼 개체를 링크합니다.
libfbxsdk-mt.lib(fbxbitset.cxx.obj) : warning LNK4099: '' PDB를 'libfbxsdk-mt.lib(fbxbitset.cxx.obj)' 또는 ''에서 찾을 수 없습니다. 디버그 정보가 없는 것처럼 개체를 링크합니다.
libfbxsdk-mt.lib(fbxsurfaceevaluator.cxx.obj) : warning LNK4099: '' PDB를 'libfbxsdk-mt.lib(fbxsurfaceevaluator.cxx.obj)' 또는 ''에서 찾을 수 없습니다. 디버그 정보가 없는 것처럼 개체를 링크합니다.
libfbxsdk-mt.lib(fbxnurbssurfaceevaluator.cxx.obj) : warning LNK4099: '' PDB를 'libfbxsdk-mt.lib(fbxnurbssurfaceevaluator.cxx.obj)' 또는 ''에서 찾을 수 없습니다. 디버그 정보가 없는 것처럼 개체를 링크합니다.
libfbxsdk-mt.lib(fbxuniformsurfaceutils.cxx.obj) : warning LNK4099: '' PDB를 'libfbxsdk-mt.lib(fbxuniformsurfaceutils.cxx.obj)' 또는 ''에서 찾을 수 없습니다. 디버그 정보가 없는 것처럼 개체를 링크합니다.
libfbxsdk-mt.lib(awTess2dConstrainedTriangulate.cpp.obj) : warning LNK4099: '' PDB를 'libfbxsdk-mt.lib(awTess2dConstrainedTriangulate.cpp.obj)' 또는 ''에서 찾을 수 없습니다. 디버그 정보가 없는 것처럼 개체를 링크합니다.
libfbxsdk-mt.lib(fbxcachedfile.cxx.obj) : warning LNK4099: '' PDB를 'libfbxsdk-mt.lib(fbxcachedfile.cxx.obj)' 또는 ''에서 찾을 수 없습니다. 디버그 정보가 없는 것처럼 개체를 링크합니다.
libfbxsdk-mt.lib(fbxreader3ds.cxx.obj) : warning LNK4099: '' PDB를 'libfbxsdk-mt.lib(fbxreader3ds.cxx.obj)' 또는 ''에서 찾을 수 없습니다. 디버그 정보가 없는 것처럼 개체를 링크합니다.
libfbxsdk-mt.lib(fbxwriter3ds.cxx.obj) : warning LNK4099: '' PDB를 'libfbxsdk-mt.lib(fbxwriter3ds.cxx.obj)' 또는 ''에서 찾을 수 없습니다. 디버그 정보가 없는 것처럼 개체를 링크합니다.
libfbxsdk-mt.lib(fbxreaderacclaimasf.cxx.obj) : warning LNK4099: '' PDB를 'libfbxsdk-mt.lib(fbxreaderacclaimasf.cxx.obj)' 또는 ''에서 찾을 수 없습니다. 디버그 정보가 없는 것처럼 개체를 링크합니다.
libfbxsdk-mt.lib(fbxreaderacclaimamc.cxx.obj) : warning LNK4099: '' PDB를 'libfbxsdk-mt.lib(fbxreaderacclaimamc.cxx.obj)' 또는 ''에서 찾을 수 없습니다. 디버그 정보가 없는 것처럼 개체를 링크합니다.
libfbxsdk-mt.lib(fbxwriteracclaimasf.cxx.obj) : warning LNK4099: '' PDB를 'libfbxsdk-mt.lib(fbxwriteracclaimasf.cxx.obj)' 또는 ''에서 찾을 수 없습니다. 디버그 정보가 없는 것처럼 개체를 링크합니다.
libfbxsdk-mt.lib(fbxwriteracclaimamc.cxx.obj) : warning LNK4099: '' PDB를 'libfbxsdk-mt.lib(fbxwriteracclaimamc.cxx.obj)' 또는 ''에서 찾을 수 없습니다. 디버그 정보가 없는 것처럼 개체를 링크합니다.
libfbxsdk-mt.lib(fbxreaderadaptiveoptics.cxx.obj) : warning LNK4099: '' PDB를 'libfbxsdk-mt.lib(fbxreaderadaptiveoptics.cxx.obj)' 또는 ''에서 찾을 수 없습니다. 디버그 정보가 없는 것처럼 개체를 링크합니다.
libfbxsdk-mt.lib(fbxwriteradaptiveoptics.cxx.obj) : warning LNK4099: '' PDB를 'libfbxsdk-mt.lib(fbxwriteradaptiveoptics.cxx.obj)' 또는 ''에서 찾을 수 없습니다. 디버그 정보가 없는 것처럼 개체를 링크합니다.
libfbxsdk-mt.lib(fbxreaderbiovision.cxx.obj) : warning LNK4099: '' PDB를 'libfbxsdk-mt.lib(fbxreaderbiovision.cxx.obj)' 또는 ''에서 찾을 수 없습니다. 디버그 정보가 없는 것처럼 개체를 링크합니다.
libfbxsdk-mt.lib(fbxwriterbiovision.cxx.obj) : warning LNK4099: '' PDB를 'libfbxsdk-mt.lib(fbxwriterbiovision.cxx.obj)' 또는 ''에서 찾을 수 없습니다. 디버그 정보가 없는 것처럼 개체를 링크합니다.
libfbxsdk-mt.lib(fbxreadercollada14.cxx.obj) : warning LNK4099: '' PDB를 'libfbxsdk-mt.lib(fbxreadercollada14.cxx.obj)' 또는 ''에서 찾을 수 없습니다. 디버그 정보가 없는 것처럼 개체를 링크합니다.
libfbxsdk-mt.lib(fbxwritercollada14.cxx.obj) : warning LNK4099: '' PDB를 'libfbxsdk-mt.lib(fbxwritercollada14.cxx.obj)' 또는 ''에서 찾을 수 없습니다. 디버그 정보가 없는 것처럼 개체를 링크합니다.
libfbxsdk-mt.lib(fbxreaderdxf.cxx.obj) : warning LNK4099: '' PDB를 'libfbxsdk-mt.lib(fbxreaderdxf.cxx.obj)' 또는 ''에서 찾을 수 없습니다. 디버그 정보가 없는 것처럼 개체를 링크합니다.
libfbxsdk-mt.lib(fbxwriterdxf.cxx.obj) : warning LNK4099: '' PDB를 'libfbxsdk-mt.lib(fbxwriterdxf.cxx.obj)' 또는 ''에서 찾을 수 없습니다. 디버그 정보가 없는 것처럼 개체를 링크합니다.
libfbxsdk-mt.lib(fbxreaderfbx6.cxx.obj) : warning LNK4099: '' PDB를 'libfbxsdk-mt.lib(fbxreaderfbx6.cxx.obj)' 또는 ''에서 찾을 수 없습니다. 디버그 정보가 없는 것처럼 개체를 링크합니다.
libfbxsdk-mt.lib(fbxreaderfbx7.cxx.obj) : warning LNK4099: '' PDB를 'libfbxsdk-mt.lib(fbxreaderfbx7.cxx.obj)' 또는 ''에서 찾을 수 없습니다. 디버그 정보가 없는 것처럼 개체를 링크합니다.
libfbxsdk-mt.lib(fbxwriterfbx6.cxx.obj) : warning LNK4099: '' PDB를 'libfbxsdk-mt.lib(fbxwriterfbx6.cxx.obj)' 또는 ''에서 찾을 수 없습니다. 디버그 정보가 없는 것처럼 개체를 링크합니다.
libfbxsdk-mt.lib(fbxwriterfbx7.cxx.obj) : warning LNK4099: '' PDB를 'libfbxsdk-mt.lib(fbxwriterfbx7.cxx.obj)' 또는 ''에서 찾을 수 없습니다. 디버그 정보가 없는 것처럼 개체를 링크합니다.
libfbxsdk-mt.lib(fbxreadermotionanalysishtr.cxx.obj) : warning LNK4099: '' PDB를 'libfbxsdk-mt.lib(fbxreadermotionanalysishtr.cxx.obj)' 또는 ''에서 찾을 수 없습니다. 디버그 정보가 없는 것처럼 개체를 링크합니다.
libfbxsdk-mt.lib(fbxreadermotionanalysistrc.cxx.obj) : warning LNK4099: '' PDB를 'libfbxsdk-mt.lib(fbxreadermotionanalysistrc.cxx.obj)' 또는 ''에서 찾을 수 없습니다. 디버그 정보가 없는 것처럼 개체를 링크합니다.
libfbxsdk-mt.lib(fbxwritermotionanalysishtr.cxx.obj) : warning LNK4099: '' PDB를 'libfbxsdk-mt.lib(fbxwritermotionanalysishtr.cxx.obj)' 또는 ''에서 찾을 수 없습니다. 디버그 정보가 없는 것처럼 개체를 링크합니다.
libfbxsdk-mt.lib(fbxwritermotionanalysistrc.cxx.obj) : warning LNK4099: '' PDB를 'libfbxsdk-mt.lib(fbxwritermotionanalysistrc.cxx.obj)' 또는 ''에서 찾을 수 없습니다. 디버그 정보가 없는 것처럼 개체를 링크합니다.
libfbxsdk-mt.lib(fbxreaderobj.cxx.obj) : warning LNK4099: '' PDB를 'libfbxsdk-mt.lib(fbxreaderobj.cxx.obj)' 또는 ''에서 찾을 수 없습니다. 디버그 정보가 없는 것처럼 개체를 링크합니다.
libfbxsdk-mt.lib(fbxwriterobj.cxx.obj) : warning LNK4099: '' PDB를 'libfbxsdk-mt.lib(fbxwriterobj.cxx.obj)' 또는 ''에서 찾을 수 없습니다. 디버그 정보가 없는 것처럼 개체를 링크합니다.
libfbxsdk-mt.lib(fbxreadervicon.cxx.obj) : warning LNK4099: '' PDB를 'libfbxsdk-mt.lib(fbxreadervicon.cxx.obj)' 또는 ''에서 찾을 수 없습니다. 디버그 정보가 없는 것처럼 개체를 링크합니다.
libfbxsdk-mt.lib(fbxwritervicon.cxx.obj) : warning LNK4099: '' PDB를 'libfbxsdk-mt.lib(fbxwritervicon.cxx.obj)' 또는 ''에서 찾을 수 없습니다. 디버그 정보가 없는 것처럼 개체를 링크합니다.
libfbxsdk-mt.lib(fbxreaderzip.cxx.obj) : warning LNK4099: '' PDB를 'libfbxsdk-mt.lib(fbxreaderzip.cxx.obj)' 또는 ''에서 찾을 수 없습니다. 디버그 정보가 없는 것처럼 개체를 링크합니다.
libfbxsdk-mt.lib(fbxalembicreader.cxx.obj) : warning LNK4099: '' PDB를 'libfbxsdk-mt.lib(fbxalembicreader.cxx.obj)' 또는 ''에서 찾을 수 없습니다. 디버그 정보가 없는 것처럼 개체를 링크합니다.
libfbxsdk-mt.lib(awString.cpp.obj) : warning LNK4099: '' PDB를 'libfbxsdk-mt.lib(awString.cpp.obj)' 또는 ''에서 찾을 수 없습니다. 디버그 정보가 없는 것처럼 개체를 링크합니다.
libfbxsdk-mt.lib(awCacheFileAccessor.cpp.obj) : warning LNK4099: '' PDB를 'libfbxsdk-mt.lib(awCacheFileAccessor.cpp.obj)' 또는 ''에서 찾을 수 없습니다. 디버그 정보가 없는 것처럼 개체를 링크합니다.
libfbxsdk-mt.lib(awCacheFileIffIO.cpp.obj) : warning LNK4099: '' PDB를 'libfbxsdk-mt.lib(awCacheFileIffIO.cpp.obj)' 또는 ''에서 찾을 수 없습니다. 디버그 정보가 없는 것처럼 개체를 링크합니다.
libfbxsdk-mt.lib(awOSFilename.cpp.obj) : warning LNK4099: '' PDB를 'libfbxsdk-mt.lib(awOSFilename.cpp.obj)' 또는 ''에서 찾을 수 없습니다. 디버그 정보가 없는 것처럼 개체를 링크합니다.
libfbxsdk-mt.lib(fbxentryview.cxx.obj) : warning LNK4099: '' PDB를 'libfbxsdk-mt.lib(fbxentryview.cxx.obj)' 또는 ''에서 찾을 수 없습니다. 디버그 정보가 없는 것처럼 개체를 링크합니다.
libfbxsdk-mt.lib(TimeSampling.cpp.obj) : warning LNK4099: '' PDB를 'libfbxsdk-mt.lib(TimeSampling.cpp.obj)' 또는 ''에서 찾을 수 없습니다. 디버그 정보가 없는 것처럼 개체를 링크합니다.
libfbxsdk-mt.lib(ISampleSelector.cpp.obj) : warning LNK4099: '' PDB를 'libfbxsdk-mt.lib(ISampleSelector.cpp.obj)' 또는 ''에서 찾을 수 없습니다. 디버그 정보가 없는 것처럼 개체를 링크합니다.
libfbxsdk-mt.lib(ReadWrite.cpp.obj) : warning LNK4099: '' PDB를 'libfbxsdk-mt.lib(ReadWrite.cpp.obj)' 또는 ''에서 찾을 수 없습니다. 디버그 정보가 없는 것처럼 개체를 링크합니다.
libfbxsdk-mt.lib(Read.cpp.obj) : warning LNK4099: '' PDB를 'libfbxsdk-mt.lib(Read.cpp.obj)' 또는 ''에서 찾을 수 없습니다. 디버그 정보가 없는 것처럼 개체를 링크합니다.
libfbxsdk-mt.lib(IexBaseExc.cpp.obj) : warning LNK4099: '' PDB를 'libfbxsdk-mt.lib(IexBaseExc.cpp.obj)' 또는 ''에서 찾을 수 없습니다. 디버그 정보가 없는 것처럼 개체를 링크합니다.
libfbxsdk-mt.lib(ImathExc.cpp.obj) : warning LNK4099: '' PDB를 'libfbxsdk-mt.lib(ImathExc.cpp.obj)' 또는 ''에서 찾을 수 없습니다. 디버그 정보가 없는 것처럼 개체를 링크합니다.
libfbxsdk-mt.lib(XformOp.cpp.obj) : warning LNK4099: '' PDB를 'libfbxsdk-mt.lib(XformOp.cpp.obj)' 또는 ''에서 찾을 수 없습니다. 디버그 정보가 없는 것처럼 개체를 링크합니다.
libfbxsdk-mt.lib(IPolyMesh.cpp.obj) : warning LNK4099: '' PDB를 'libfbxsdk-mt.lib(IPolyMesh.cpp.obj)' 또는 ''에서 찾을 수 없습니다. 디버그 정보가 없는 것처럼 개체를 링크합니다.
libfbxsdk-mt.lib(IMaterial.cpp.obj) : warning LNK4099: '' PDB를 'libfbxsdk-mt.lib(IMaterial.cpp.obj)' 또는 ''에서 찾을 수 없습니다. 디버그 정보가 없는 것처럼 개체를 링크합니다.
libfbxsdk-mt.lib(fbxalembicutils.cxx.obj) : warning LNK4099: '' PDB를 'libfbxsdk-mt.lib(fbxalembicutils.cxx.obj)' 또는 ''에서 찾을 수 없습니다. 디버그 정보가 없는 것처럼 개체를 링크합니다.
libfbxsdk-mt.lib(ICurves.cpp.obj) : warning LNK4099: '' PDB를 'libfbxsdk-mt.lib(ICurves.cpp.obj)' 또는 ''에서 찾을 수 없습니다. 디버그 정보가 없는 것처럼 개체를 링크합니다.
libfbxsdk-mt.lib(INuPatch.cpp.obj) : warning LNK4099: '' PDB를 'libfbxsdk-mt.lib(INuPatch.cpp.obj)' 또는 ''에서 찾을 수 없습니다. 디버그 정보가 없는 것처럼 개체를 링크합니다.
libfbxsdk-mt.lib(ISubD.cpp.obj) : warning LNK4099: '' PDB를 'libfbxsdk-mt.lib(ISubD.cpp.obj)' 또는 ''에서 찾을 수 없습니다. 디버그 정보가 없는 것처럼 개체를 링크합니다.
libfbxsdk-mt.lib(fbxatomic.cxx.obj) : warning LNK4099: '' PDB를 'libfbxsdk-mt.lib(fbxatomic.cxx.obj)' 또는 ''에서 찾을 수 없습니다. 디버그 정보가 없는 것처럼 개체를 링크합니다.
libfbxsdk-mt.lib(kfcurvefilter.cxx.obj) : warning LNK4099: '' PDB를 'libfbxsdk-mt.lib(kfcurvefilter.cxx.obj)' 또는 ''에서 찾을 수 없습니다. 디버그 정보가 없는 것처럼 개체를 링크합니다.
libfbxsdk-mt.lib(kfcurvefilterconstkeyredu.cxx.obj) : warning LNK4099: '' PDB를 'libfbxsdk-mt.lib(kfcurvefilterconstkeyredu.cxx.obj)' 또는 ''에서 찾을 수 없습니다. 디버그 정보가 없는 것처럼 개체를 링크합니다.
libfbxsdk-mt.lib(kfcurvefiltergimblekiller.cxx.obj) : warning LNK4099: '' PDB를 'libfbxsdk-mt.lib(kfcurvefiltergimblekiller.cxx.obj)' 또는 ''에서 찾을 수 없습니다. 디버그 정보가 없는 것처럼 개체를 링크합니다.
libfbxsdk-mt.lib(kfcurvefilterunroll.cxx.obj) : warning LNK4099: '' PDB를 'libfbxsdk-mt.lib(kfcurvefilterunroll.cxx.obj)' 또는 ''에서 찾을 수 없습니다. 디버그 정보가 없는 것처럼 개체를 링크합니다.
libfbxsdk-mt.lib(fbxclock.cxx.obj) : warning LNK4099: '' PDB를 'libfbxsdk-mt.lib(fbxclock.cxx.obj)' 또는 ''에서 찾을 수 없습니다. 디버그 정보가 없는 것처럼 개체를 링크합니다.
libfbxsdk-mt.lib(fbxnodefinder.cxx.obj) : warning LNK4099: '' PDB를 'libfbxsdk-mt.lib(fbxnodefinder.cxx.obj)' 또는 ''에서 찾을 수 없습니다. 디버그 정보가 없는 것처럼 개체를 링크합니다.
libfbxsdk-mt.lib(fbxnodefinderduplicatename.cxx.obj) : warning LNK4099: '' PDB를 'libfbxsdk-mt.lib(fbxnodefinderduplicatename.cxx.obj)' 또는 ''에서 찾을 수 없습니다. 디버그 정보가 없는 것처럼 개체를 링크합니다.
libfbxsdk-mt.lib(fbxrenamingstrategybase.cxx.obj) : warning LNK4099: '' PDB를 'libfbxsdk-mt.lib(fbxrenamingstrategybase.cxx.obj)' 또는 ''에서 찾을 수 없습니다. 디버그 정보가 없는 것처럼 개체를 링크합니다.
libfbxsdk-mt.lib(awLinear.cpp.obj) : warning LNK4099: '' PDB를 'libfbxsdk-mt.lib(awLinear.cpp.obj)' 또는 ''에서 찾을 수 없습니다. 디버그 정보가 없는 것처럼 개체를 링크합니다.
libfbxsdk-mt.lib(awLinearPoint2.cpp.obj) : warning LNK4099: '' PDB를 'libfbxsdk-mt.lib(awLinearPoint2.cpp.obj)' 또는 ''에서 찾을 수 없습니다. 디버그 정보가 없는 것처럼 개체를 링크합니다.
libfbxsdk-mt.lib(awLinearVector2.cpp.obj) : warning LNK4099: '' PDB를 'libfbxsdk-mt.lib(awLinearVector2.cpp.obj)' 또는 ''에서 찾을 수 없습니다. 디버그 정보가 없는 것처럼 개체를 링크합니다.
libfbxsdk-mt.lib(awLinearVector.cpp.obj) : warning LNK4099: '' PDB를 'libfbxsdk-mt.lib(awLinearVector.cpp.obj)' 또는 ''에서 찾을 수 없습니다. 디버그 정보가 없는 것처럼 개체를 링크합니다.
libfbxsdk-mt.lib(awLinearNormal.cpp.obj) : warning LNK4099: '' PDB를 'libfbxsdk-mt.lib(awLinearNormal.cpp.obj)' 또는 ''에서 찾을 수 없습니다. 디버그 정보가 없는 것처럼 개체를 링크합니다.
libfbxsdk-mt.lib(awLinearParamPlane.cpp.obj) : warning LNK4099: '' PDB를 'libfbxsdk-mt.lib(awLinearParamPlane.cpp.obj)' 또는 ''에서 찾을 수 없습니다. 디버그 정보가 없는 것처럼 개체를 링크합니다.
libfbxsdk-mt.lib(awLinearRange2d.cpp.obj) : warning LNK4099: '' PDB를 'libfbxsdk-mt.lib(awLinearRange2d.cpp.obj)' 또는 ''에서 찾을 수 없습니다. 디버그 정보가 없는 것처럼 개체를 링크합니다.
libfbxsdk-mt.lib(awGeomTopoMesh.cpp.obj) : warning LNK4099: '' PDB를 'libfbxsdk-mt.lib(awGeomTopoMesh.cpp.obj)' 또는 ''에서 찾을 수 없습니다. 디버그 정보가 없는 것처럼 개체를 링크합니다.
libfbxsdk-mt.lib(awGeomTopoMeshIterators.cpp.obj) : warning LNK4099: '' PDB를 'libfbxsdk-mt.lib(awGeomTopoMeshIterators.cpp.obj)' 또는 ''에서 찾을 수 없습니다. 디버그 정보가 없는 것처럼 개체를 링크합니다.
libfbxsdk-mt.lib(fbxanimcurvefilterkeyreducer.cxx.obj) : warning LNK4099: '' PDB를 'libfbxsdk-mt.lib(fbxanimcurvefilterkeyreducer.cxx.obj)' 또는 ''에서 찾을 수 없습니다. 디버그 정보가 없는 것처럼 개체를 링크합니다.
libfbxsdk-mt.lib(3dserr.cxx.obj) : warning LNK4099: '' PDB를 'libfbxsdk-mt.lib(3dserr.cxx.obj)' 또는 ''에서 찾을 수 없습니다. 디버그 정보가 없는 것처럼 개체를 링크합니다.
libfbxsdk-mt.lib(3dsfile.cxx.obj) : warning LNK4099: '' PDB를 'libfbxsdk-mt.lib(3dsfile.cxx.obj)' 또는 ''에서 찾을 수 없습니다. 디버그 정보가 없는 것처럼 개체를 링크합니다.
libfbxsdk-mt.lib(dbase3ds.cxx.obj) : warning LNK4099: '' PDB를 'libfbxsdk-mt.lib(dbase3ds.cxx.obj)' 또는 ''에서 찾을 수 없습니다. 디버그 정보가 없는 것처럼 개체를 링크합니다.
libfbxsdk-mt.lib(3dsmset.cxx.obj) : warning LNK4099: '' PDB를 'libfbxsdk-mt.lib(3dsmset.cxx.obj)' 또는 ''에서 찾을 수 없습니다. 디버그 정보가 없는 것처럼 개체를 링크합니다.
libfbxsdk-mt.lib(3dsbgnd.cxx.obj) : warning LNK4099: '' PDB를 'libfbxsdk-mt.lib(3dsbgnd.cxx.obj)' 또는 ''에서 찾을 수 없습니다. 디버그 정보가 없는 것처럼 개체를 링크합니다.
libfbxsdk-mt.lib(3dsmatr.cxx.obj) : warning LNK4099: '' PDB를 'libfbxsdk-mt.lib(3dsmatr.cxx.obj)' 또는 ''에서 찾을 수 없습니다. 디버그 정보가 없는 것처럼 개체를 링크합니다.
libfbxsdk-mt.lib(3dsmobj.cxx.obj) : warning LNK4099: '' PDB를 'libfbxsdk-mt.lib(3dsmobj.cxx.obj)' 또는 ''에서 찾을 수 없습니다. 디버그 정보가 없는 것처럼 개체를 링크합니다.
libfbxsdk-mt.lib(3dslites.cxx.obj) : warning LNK4099: '' PDB를 'libfbxsdk-mt.lib(3dslites.cxx.obj)' 또는 ''에서 찾을 수 없습니다. 디버그 정보가 없는 것처럼 개체를 링크합니다.
libfbxsdk-mt.lib(3dscamr.cxx.obj) : warning LNK4099: '' PDB를 'libfbxsdk-mt.lib(3dscamr.cxx.obj)' 또는 ''에서 찾을 수 없습니다. 디버그 정보가 없는 것처럼 개체를 링크합니다.
libfbxsdk-mt.lib(3dscamm.cxx.obj) : warning LNK4099: '' PDB를 'libfbxsdk-mt.lib(3dscamm.cxx.obj)' 또는 ''에서 찾을 수 없습니다. 디버그 정보가 없는 것처럼 개체를 링크합니다.
libfbxsdk-mt.lib(3dsobjm.cxx.obj) : warning LNK4099: '' PDB를 'libfbxsdk-mt.lib(3dsobjm.cxx.obj)' 또는 ''에서 찾을 수 없습니다. 디버그 정보가 없는 것처럼 개체를 링크합니다.
libfbxsdk-mt.lib(3dsomnm.cxx.obj) : warning LNK4099: '' PDB를 'libfbxsdk-mt.lib(3dsomnm.cxx.obj)' 또는 ''에서 찾을 수 없습니다. 디버그 정보가 없는 것처럼 개체를 링크합니다.
libfbxsdk-mt.lib(3dssptm.cxx.obj) : warning LNK4099: '' PDB를 'libfbxsdk-mt.lib(3dssptm.cxx.obj)' 또는 ''에서 찾을 수 없습니다. 디버그 정보가 없는 것처럼 개체를 링크합니다.
libfbxsdk-mt.lib(fbxrenamingstrategy.cxx.obj) : warning LNK4099: '' PDB를 'libfbxsdk-mt.lib(fbxrenamingstrategy.cxx.obj)' 또는 ''에서 찾을 수 없습니다. 디버그 정보가 없는 것처럼 개체를 링크합니다.
libfbxsdk-mt.lib(3dsiobj.cxx.obj) : warning LNK4099: '' PDB를 'libfbxsdk-mt.lib(3dsiobj.cxx.obj)' 또는 ''에서 찾을 수 없습니다. 디버그 정보가 없는 것처럼 개체를 링크합니다.
libfbxsdk-mt.lib(3dsrobj.cxx.obj) : warning LNK4099: '' PDB를 'libfbxsdk-mt.lib(3dsrobj.cxx.obj)' 또는 ''에서 찾을 수 없습니다. 디버그 정보가 없는 것처럼 개체를 링크합니다.
libfbxsdk-mt.lib(3dskey.cxx.obj) : warning LNK4099: '' PDB를 'libfbxsdk-mt.lib(3dskey.cxx.obj)' 또는 ''에서 찾을 수 없습니다. 디버그 정보가 없는 것처럼 개체를 링크합니다.
libfbxsdk-mt.lib(fbxtextfile.cxx.obj) : warning LNK4099: '' PDB를 'libfbxsdk-mt.lib(fbxtextfile.cxx.obj)' 또는 ''에서 찾을 수 없습니다. 디버그 정보가 없는 것처럼 개체를 링크합니다.
libfbxsdk-mt.lib(fbxfileacclaimasf.cxx.obj) : warning LNK4099: '' PDB를 'libfbxsdk-mt.lib(fbxfileacclaimasf.cxx.obj)' 또는 ''에서 찾을 수 없습니다. 디버그 정보가 없는 것처럼 개체를 링크합니다.
libfbxsdk-mt.lib(fbxfileacclaimamc.cxx.obj) : warning LNK4099: '' PDB를 'libfbxsdk-mt.lib(fbxfileacclaimamc.cxx.obj)' 또는 ''에서 찾을 수 없습니다. 디버그 정보가 없는 것처럼 개체를 링크합니다.
libfbxsdk-mt.lib(fbxreadermotionbase.cxx.obj) : warning LNK4099: '' PDB를 'libfbxsdk-mt.lib(fbxreadermotionbase.cxx.obj)' 또는 ''에서 찾을 수 없습니다. 디버그 정보가 없는 것처럼 개체를 링크합니다.
libfbxsdk-mt.lib(fbxfileadaptiveoptics.cxx.obj) : warning LNK4099: '' PDB를 'libfbxsdk-mt.lib(fbxfileadaptiveoptics.cxx.obj)' 또는 ''에서 찾을 수 없습니다. 디버그 정보가 없는 것처럼 개체를 링크합니다.
libfbxsdk-mt.lib(fbxwritermotionbase.cxx.obj) : warning LNK4099: '' PDB를 'libfbxsdk-mt.lib(fbxwritermotionbase.cxx.obj)' 또는 ''에서 찾을 수 없습니다. 디버그 정보가 없는 것처럼 개체를 링크합니다.
libfbxsdk-mt.lib(fbxfilebiovision.cxx.obj) : warning LNK4099: '' PDB를 'libfbxsdk-mt.lib(fbxfilebiovision.cxx.obj)' 또는 ''에서 찾을 수 없습니다. 디버그 정보가 없는 것처럼 개체를 링크합니다.
libfbxsdk-mt.lib(fbxsemanticentryview.cxx.obj) : warning LNK4099: '' PDB를 'libfbxsdk-mt.lib(fbxsemanticentryview.cxx.obj)' 또는 ''에서 찾을 수 없습니다. 디버그 정보가 없는 것처럼 개체를 링크합니다.
libfbxsdk-mt.lib(fbxcolladaiostream.cxx.obj) : warning LNK4099: '' PDB를 'libfbxsdk-mt.lib(fbxcolladaiostream.cxx.obj)' 또는 ''에서 찾을 수 없습니다. 디버그 정보가 없는 것처럼 개체를 링크합니다.
libfbxsdk-mt.lib(fbxcolladautils.cxx.obj) : warning LNK4099: '' PDB를 'libfbxsdk-mt.lib(fbxcolladautils.cxx.obj)' 또는 ''에서 찾을 수 없습니다. 디버그 정보가 없는 것처럼 개체를 링크합니다.
libfbxsdk-mt.lib(fbxcolladanamespace.cxx.obj) : warning LNK4099: '' PDB를 'libfbxsdk-mt.lib(fbxcolladanamespace.cxx.obj)' 또는 ''에서 찾을 수 없습니다. 디버그 정보가 없는 것처럼 개체를 링크합니다.
libfbxsdk-mt.lib(fbxcolladaelement.cxx.obj) : warning LNK4099: '' PDB를 'libfbxsdk-mt.lib(fbxcolladaelement.cxx.obj)' 또는 ''에서 찾을 수 없습니다. 디버그 정보가 없는 것처럼 개체를 링크합니다.
libfbxsdk-mt.lib(fbxcolladaanimationelement.cxx.obj) : warning LNK4099: '' PDB를 'libfbxsdk-mt.lib(fbxcolladaanimationelement.cxx.obj)' 또는 ''에서 찾을 수 없습니다. 디버그 정보가 없는 것처럼 개체를 링크합니다.
libfbxsdk-mt.lib(fbxrenamingstrategyfbx6.cxx.obj) : warning LNK4099: '' PDB를 'libfbxsdk-mt.lib(fbxrenamingstrategyfbx6.cxx.obj)' 또는 ''에서 찾을 수 없습니다. 디버그 정보가 없는 것처럼 개체를 링크합니다.
libfbxsdk-mt.lib(fbxembeddedfilesaccumulator.cxx.obj) : warning LNK4099: '' PDB를 'libfbxsdk-mt.lib(fbxembeddedfilesaccumulator.cxx.obj)' 또는 ''에서 찾을 수 없습니다. 디버그 정보가 없는 것처럼 개체를 링크합니다.
libfbxsdk-mt.lib(fbxfilemotionanalysishtr.cxx.obj) : warning LNK4099: '' PDB를 'libfbxsdk-mt.lib(fbxfilemotionanalysishtr.cxx.obj)' 또는 ''에서 찾을 수 없습니다. 디버그 정보가 없는 것처럼 개체를 링크합니다.
libfbxsdk-mt.lib(fbxfilemotionanalysistrc.cxx.obj) : warning LNK4099: '' PDB를 'libfbxsdk-mt.lib(fbxfilemotionanalysistrc.cxx.obj)' 또는 ''에서 찾을 수 없습니다. 디버그 정보가 없는 것처럼 개체를 링크합니다.
libfbxsdk-mt.lib(fbxfilevicon.cxx.obj) : warning LNK4099: '' PDB를 'libfbxsdk-mt.lib(fbxfilevicon.cxx.obj)' 또는 ''에서 찾을 수 없습니다. 디버그 정보가 없는 것처럼 개체를 링크합니다.
libfbxsdk-mt.lib(unzip.cxx.obj) : warning LNK4099: '' PDB를 'libfbxsdk-mt.lib(unzip.cxx.obj)' 또는 ''에서 찾을 수 없습니다. 디버그 정보가 없는 것처럼 개체를 링크합니다.
libfbxsdk-mt.lib(awStringCType.cpp.obj) : warning LNK4099: '' PDB를 'libfbxsdk-mt.lib(awStringCType.cpp.obj)' 또는 ''에서 찾을 수 없습니다. 디버그 정보가 없는 것처럼 개체를 링크합니다.
libfbxsdk-mt.lib(awStringConvert.cpp.obj) : warning LNK4099: '' PDB를 'libfbxsdk-mt.lib(awStringConvert.cpp.obj)' 또는 ''에서 찾을 수 없습니다. 디버그 정보가 없는 것처럼 개체를 링크합니다.
libfbxsdk-mt.lib(al_nprintf.cpp.obj) : warning LNK4099: '' PDB를 'libfbxsdk-mt.lib(al_nprintf.cpp.obj)' 또는 ''에서 찾을 수 없습니다. 디버그 정보가 없는 것처럼 개체를 링크합니다.
libfbxsdk-mt.lib(awhashfunction.cpp.obj) : warning LNK4099: '' PDB를 'libfbxsdk-mt.lib(awhashfunction.cpp.obj)' 또는 ''에서 찾을 수 없습니다. 디버그 정보가 없는 것처럼 개체를 링크합니다.
libfbxsdk-mt.lib(awCacheChannel.cpp.obj) : warning LNK4099: '' PDB를 'libfbxsdk-mt.lib(awCacheChannel.cpp.obj)' 또는 ''에서 찾을 수 없습니다. 디버그 정보가 없는 것처럼 개체를 링크합니다.
libfbxsdk-mt.lib(awCacheDescriptionIO.cpp.obj) : warning LNK4099: '' PDB를 'libfbxsdk-mt.lib(awCacheDescriptionIO.cpp.obj)' 또는 ''에서 찾을 수 없습니다. 디버그 정보가 없는 것처럼 개체를 링크합니다.
libfbxsdk-mt.lib(awUtilError.cpp.obj) : warning LNK4099: '' PDB를 'libfbxsdk-mt.lib(awUtilError.cpp.obj)' 또는 ''에서 찾을 수 없습니다. 디버그 정보가 없는 것처럼 개체를 링크합니다.
libfbxsdk-mt.lib(awOSFile.cpp.obj) : warning LNK4099: '' PDB를 'libfbxsdk-mt.lib(awOSFile.cpp.obj)' 또는 ''에서 찾을 수 없습니다. 디버그 정보가 없는 것처럼 개체를 링크합니다.
libfbxsdk-mt.lib(awOSFileFactory.cpp.obj) : warning LNK4099: '' PDB를 'libfbxsdk-mt.lib(awOSFileFactory.cpp.obj)' 또는 ''에서 찾을 수 없습니다. 디버그 정보가 없는 것처럼 개체를 링크합니다.
libfbxsdk-mt.lib(awCacheFileIO.cpp.obj) : warning LNK4099: '' PDB를 'libfbxsdk-mt.lib(awCacheFileIO.cpp.obj)' 또는 ''에서 찾을 수 없습니다. 디버그 정보가 없는 것처럼 개체를 링크합니다.
libfbxsdk-mt.lib(awIffTag.cpp.obj) : warning LNK4099: '' PDB를 'libfbxsdk-mt.lib(awIffTag.cpp.obj)' 또는 ''에서 찾을 수 없습니다. 디버그 정보가 없는 것처럼 개체를 링크합니다.
libfbxsdk-mt.lib(awIffFile4.cpp.obj) : warning LNK4099: '' PDB를 'libfbxsdk-mt.lib(awIffFile4.cpp.obj)' 또는 ''에서 찾을 수 없습니다. 디버그 정보가 없는 것처럼 개체를 링크합니다.
libfbxsdk-mt.lib(awIffFile8.cpp.obj) : warning LNK4099: '' PDB를 'libfbxsdk-mt.lib(awIffFile8.cpp.obj)' 또는 ''에서 찾을 수 없습니다. 디버그 정보가 없는 것처럼 개체를 링크합니다.
libfbxsdk-mt.lib(TimeSamplingType.cpp.obj) : warning LNK4099: '' PDB를 'libfbxsdk-mt.lib(TimeSamplingType.cpp.obj)' 또는 ''에서 찾을 수 없습니다. 디버그 정보가 없는 것처럼 개체를 링크합니다.
libfbxsdk-mt.lib(AwImpl.cpp.obj) : warning LNK4099: '' PDB를 'libfbxsdk-mt.lib(AwImpl.cpp.obj)' 또는 ''에서 찾을 수 없습니다. 디버그 정보가 없는 것처럼 개체를 링크합니다.
libfbxsdk-mt.lib(ArImpl.cpp.obj) : warning LNK4099: '' PDB를 'libfbxsdk-mt.lib(ArImpl.cpp.obj)' 또는 ''에서 찾을 수 없습니다. 디버그 정보가 없는 것처럼 개체를 링크합니다.
libfbxsdk-mt.lib(ArImpl.cpp.obj) : warning LNK4099: '' PDB를 'libfbxsdk-mt.lib(ArImpl.cpp.obj)' 또는 ''에서 찾을 수 없습니다. 디버그 정보가 없는 것처럼 개체를 링크합니다.
libfbxsdk-mt.lib(IFaceSet.cpp.obj) : warning LNK4099: '' PDB를 'libfbxsdk-mt.lib(IFaceSet.cpp.obj)' 또는 ''에서 찾을 수 없습니다. 디버그 정보가 없는 것처럼 개체를 링크합니다.
libfbxsdk-mt.lib(InternalUtil.cpp.obj) : warning LNK4099: '' PDB를 'libfbxsdk-mt.lib(InternalUtil.cpp.obj)' 또는 ''에서 찾을 수 없습니다. 디버그 정보가 없는 것처럼 개체를 링크합니다.
libfbxsdk-mt.lib(kfcurvefilterkeysync.cxx.obj) : warning LNK4099: '' PDB를 'libfbxsdk-mt.lib(kfcurvefilterkeysync.cxx.obj)' 또는 ''에서 찾을 수 없습니다. 디버그 정보가 없는 것처럼 개체를 링크합니다.
libfbxsdk-mt.lib(awLinearAffineMatrix.cpp.obj) : warning LNK4099: '' PDB를 'libfbxsdk-mt.lib(awLinearAffineMatrix.cpp.obj)' 또는 ''에서 찾을 수 없습니다. 디버그 정보가 없는 것처럼 개체를 링크합니다.
libfbxsdk-mt.lib(awLinearPoint.cpp.obj) : warning LNK4099: '' PDB를 'libfbxsdk-mt.lib(awLinearPoint.cpp.obj)' 또는 ''에서 찾을 수 없습니다. 디버그 정보가 없는 것처럼 개체를 링크합니다.
libfbxsdk-mt.lib(awLinearLine.cpp.obj) : warning LNK4099: '' PDB를 'libfbxsdk-mt.lib(awLinearLine.cpp.obj)' 또는 ''에서 찾을 수 없습니다. 디버그 정보가 없는 것처럼 개체를 링크합니다.
libfbxsdk-mt.lib(awLinearParamLine.cpp.obj) : warning LNK4099: '' PDB를 'libfbxsdk-mt.lib(awLinearParamLine.cpp.obj)' 또는 ''에서 찾을 수 없습니다. 디버그 정보가 없는 것처럼 개체를 링크합니다.
libfbxsdk-mt.lib(awLinearPlane.cpp.obj) : warning LNK4099: '' PDB를 'libfbxsdk-mt.lib(awLinearPlane.cpp.obj)' 또는 ''에서 찾을 수 없습니다. 디버그 정보가 없는 것처럼 개체를 링크합니다.
libfbxsdk-mt.lib(awLinearRange1d.cpp.obj) : warning LNK4099: '' PDB를 'libfbxsdk-mt.lib(awLinearRange1d.cpp.obj)' 또는 ''에서 찾을 수 없습니다. 디버그 정보가 없는 것처럼 개체를 링크합니다.
libfbxsdk-mt.lib(awLinearRange3d.cpp.obj) : warning LNK4099: '' PDB를 'libfbxsdk-mt.lib(awLinearRange3d.cpp.obj)' 또는 ''에서 찾을 수 없습니다. 디버그 정보가 없는 것처럼 개체를 링크합니다.
libfbxsdk-mt.lib(awOSFSAllocator.cpp.obj) : warning LNK4099: '' PDB를 'libfbxsdk-mt.lib(awOSFSAllocator.cpp.obj)' 또는 ''에서 찾을 수 없습니다. 디버그 정보가 없는 것처럼 개체를 링크합니다.
libfbxsdk-mt.lib(smartall.cxx.obj) : warning LNK4099: '' PDB를 'libfbxsdk-mt.lib(smartall.cxx.obj)' 또는 ''에서 찾을 수 없습니다. 디버그 정보가 없는 것처럼 개체를 링크합니다.
libfbxsdk-mt.lib(strdup.cxx.obj) : warning LNK4099: '' PDB를 'libfbxsdk-mt.lib(strdup.cxx.obj)' 또는 ''에서 찾을 수 없습니다. 디버그 정보가 없는 것처럼 개체를 링크합니다.
libfbxsdk-mt.lib(assert.cxx.obj) : warning LNK4099: '' PDB를 'libfbxsdk-mt.lib(assert.cxx.obj)' 또는 ''에서 찾을 수 없습니다. 디버그 정보가 없는 것처럼 개체를 링크합니다.
libfbxsdk-mt.lib(3dsstrlf.cxx.obj) : warning LNK4099: '' PDB를 'libfbxsdk-mt.lib(3dsstrlf.cxx.obj)' 또는 ''에서 찾을 수 없습니다. 디버그 정보가 없는 것처럼 개체를 링크합니다.
libfbxsdk-mt.lib(3dsprim.cxx.obj) : warning LNK4099: '' PDB를 'libfbxsdk-mt.lib(3dsprim.cxx.obj)' 또는 ''에서 찾을 수 없습니다. 디버그 정보가 없는 것처럼 개체를 링크합니다.
libfbxsdk-mt.lib(chunk3ds.cxx.obj) : warning LNK4099: '' PDB를 'libfbxsdk-mt.lib(chunk3ds.cxx.obj)' 또는 ''에서 찾을 수 없습니다. 디버그 정보가 없는 것처럼 개체를 링크합니다.
libfbxsdk-mt.lib(seekchil.cxx.obj) : warning LNK4099: '' PDB를 'libfbxsdk-mt.lib(seekchil.cxx.obj)' 또는 ''에서 찾을 수 없습니다. 디버그 정보가 없는 것처럼 개체를 링크합니다.
libfbxsdk-mt.lib(3dshier.cxx.obj) : warning LNK4099: '' PDB를 'libfbxsdk-mt.lib(3dshier.cxx.obj)' 또는 ''에서 찾을 수 없습니다. 디버그 정보가 없는 것처럼 개체를 링크합니다.
libfbxsdk-mt.lib(3dsvers.cxx.obj) : warning LNK4099: '' PDB를 'libfbxsdk-mt.lib(3dsvers.cxx.obj)' 또는 ''에서 찾을 수 없습니다. 디버그 정보가 없는 것처럼 개체를 링크합니다.
libfbxsdk-mt.lib(kfutils.cxx.obj) : warning LNK4099: '' PDB를 'libfbxsdk-mt.lib(kfutils.cxx.obj)' 또는 ''에서 찾을 수 없습니다. 디버그 정보가 없는 것처럼 개체를 링크합니다.
libfbxsdk-mt.lib(fbxanimcurvefiltergimblekiller.cxx.obj) : warning LNK4099: '' PDB를 'libfbxsdk-mt.lib(fbxanimcurvefiltergimblekiller.cxx.obj)' 또는 ''에서 찾을 수 없습니다. 디버그 정보가 없는 것처럼 개체를 링크합니다.
libfbxsdk-mt.lib(fbxuniquenameobjectlist.cxx.obj) : warning LNK4099: '' PDB를 'libfbxsdk-mt.lib(fbxuniquenameobjectlist.cxx.obj)' 또는 ''에서 찾을 수 없습니다. 디버그 정보가 없는 것처럼 개체를 링크합니다.
libfbxsdk-mt.lib(fbxviconbase.cxx.obj) : warning LNK4099: '' PDB를 'libfbxsdk-mt.lib(fbxviconbase.cxx.obj)' 또는 ''에서 찾을 수 없습니다. 디버그 정보가 없는 것처럼 개체를 링크합니다.
libfbxsdk-mt.lib(ioapi.cxx.obj) : warning LNK4099: '' PDB를 'libfbxsdk-mt.lib(ioapi.cxx.obj)' 또는 ''에서 찾을 수 없습니다. 디버그 정보가 없는 것처럼 개체를 링크합니다.
libfbxsdk-mt.lib(awCacheData.cpp.obj) : warning LNK4099: '' PDB를 'libfbxsdk-mt.lib(awCacheData.cpp.obj)' 또는 ''에서 찾을 수 없습니다. 디버그 정보가 없는 것처럼 개체를 링크합니다.
libfbxsdk-mt.lib(awOSFileStatus.cpp.obj) : warning LNK4099: '' PDB를 'libfbxsdk-mt.lib(awOSFileStatus.cpp.obj)' 또는 ''에서 찾을 수 없습니다. 디버그 정보가 없는 것처럼 개체를 링크합니다.
libfbxsdk-mt.lib(awOSIOStream.cpp.obj) : warning LNK4099: '' PDB를 'libfbxsdk-mt.lib(awOSIOStream.cpp.obj)' 또는 ''에서 찾을 수 없습니다. 디버그 정보가 없는 것처럼 개체를 링크합니다.
libfbxsdk-mt.lib(awOSFileTransport.cpp.obj) : warning LNK4099: '' PDB를 'libfbxsdk-mt.lib(awOSFileTransport.cpp.obj)' 또는 ''에서 찾을 수 없습니다. 디버그 정보가 없는 것처럼 개체를 링크합니다.
libfbxsdk-mt.lib(awUtilInitializer.cpp.obj) : warning LNK4099: '' PDB를 'libfbxsdk-mt.lib(awUtilInitializer.cpp.obj)' 또는 ''에서 찾을 수 없습니다. 디버그 정보가 없는 것처럼 개체를 링크합니다.
libfbxsdk-mt.lib(awOSLocalFileTransport.cpp.obj) : warning LNK4099: '' PDB를 'libfbxsdk-mt.lib(awOSLocalFileTransport.cpp.obj)' 또는 ''에서 찾을 수 없습니다. 디버그 정보가 없는 것처럼 개체를 링크합니다.
libfbxsdk-mt.lib(iff_minfo.cpp.obj) : warning LNK4099: '' PDB를 'libfbxsdk-mt.lib(iff_minfo.cpp.obj)' 또는 ''에서 찾을 수 없습니다. 디버그 정보가 없는 것처럼 개체를 링크합니다.
libfbxsdk-mt.lib(iff_oserror.cpp.obj) : warning LNK4099: '' PDB를 'libfbxsdk-mt.lib(iff_oserror.cpp.obj)' 또는 ''에서 찾을 수 없습니다. 디버그 정보가 없는 것처럼 개체를 링크합니다.
libfbxsdk-mt.lib(iff_flibopen.cpp.obj) : warning LNK4099: '' PDB를 'libfbxsdk-mt.lib(iff_flibopen.cpp.obj)' 또는 ''에서 찾을 수 없습니다. 디버그 정보가 없는 것처럼 개체를 링크합니다.
libfbxsdk-mt.lib(iff_flush.cpp.obj) : warning LNK4099: '' PDB를 'libfbxsdk-mt.lib(iff_flush.cpp.obj)' 또는 ''에서 찾을 수 없습니다. 디버그 정보가 없는 것처럼 개체를 링크합니다.
libfbxsdk-mt.lib(iff_seek.cpp.obj) : warning LNK4099: '' PDB를 'libfbxsdk-mt.lib(iff_seek.cpp.obj)' 또는 ''에서 찾을 수 없습니다. 디버그 정보가 없는 것처럼 개체를 링크합니다.
libfbxsdk-mt.lib(iff_settmp.cpp.obj) : warning LNK4099: '' PDB를 'libfbxsdk-mt.lib(iff_settmp.cpp.obj)' 또는 ''에서 찾을 수 없습니다. 디버그 정보가 없는 것처럼 개체를 링크합니다.
libfbxsdk-mt.lib(iff_istty.cpp.obj) : warning LNK4099: '' PDB를 'libfbxsdk-mt.lib(iff_istty.cpp.obj)' 또는 ''에서 찾을 수 없습니다. 디버그 정보가 없는 것처럼 개체를 링크합니다.
libfbxsdk-mt.lib(iff_read.cpp.obj) : warning LNK4099: '' PDB를 'libfbxsdk-mt.lib(iff_read.cpp.obj)' 또는 ''에서 찾을 수 없습니다. 디버그 정보가 없는 것처럼 개체를 링크합니다.
libfbxsdk-mt.lib(iff_unread.cpp.obj) : warning LNK4099: '' PDB를 'libfbxsdk-mt.lib(iff_unread.cpp.obj)' 또는 ''에서 찾을 수 없습니다. 디버그 정보가 없는 것처럼 개체를 링크합니다.
libfbxsdk-mt.lib(iff_bgnread.cpp.obj) : warning LNK4099: '' PDB를 'libfbxsdk-mt.lib(iff_bgnread.cpp.obj)' 또는 ''에서 찾을 수 없습니다. 디버그 정보가 없는 것처럼 개체를 링크합니다.
libfbxsdk-mt.lib(iff_write.cpp.obj) : warning LNK4099: '' PDB를 'libfbxsdk-mt.lib(iff_write.cpp.obj)' 또는 ''에서 찾을 수 없습니다. 디버그 정보가 없는 것처럼 개체를 링크합니다.
libfbxsdk-mt.lib(iff_bgnwrite.cpp.obj) : warning LNK4099: '' PDB를 'libfbxsdk-mt.lib(iff_bgnwrite.cpp.obj)' 또는 ''에서 찾을 수 없습니다. 디버그 정보가 없는 것처럼 개체를 링크합니다.
libfbxsdk-mt.lib(iff_edit.cpp.obj) : warning LNK4099: '' PDB를 'libfbxsdk-mt.lib(iff_edit.cpp.obj)' 또는 ''에서 찾을 수 없습니다. 디버그 정보가 없는 것처럼 개체를 링크합니다.
libfbxsdk-mt.lib(iff_bgnget.cpp.obj) : warning LNK4099: '' PDB를 'libfbxsdk-mt.lib(iff_bgnget.cpp.obj)' 또는 ''에서 찾을 수 없습니다. 디버그 정보가 없는 것처럼 개체를 링크합니다.
libfbxsdk-mt.lib(iff_sget.cpp.obj) : warning LNK4099: '' PDB를 'libfbxsdk-mt.lib(iff_sget.cpp.obj)' 또는 ''에서 찾을 수 없습니다. 디버그 정보가 없는 것처럼 개체를 링크합니다.
libfbxsdk-mt.lib(iff_bgnput.cpp.obj) : warning LNK4099: '' PDB를 'libfbxsdk-mt.lib(iff_bgnput.cpp.obj)' 또는 ''에서 찾을 수 없습니다. 디버그 정보가 없는 것처럼 개체를 링크합니다.
libfbxsdk-mt.lib(iff_readchunk.cpp.obj) : warning LNK4099: '' PDB를 'libfbxsdk-mt.lib(iff_readchunk.cpp.obj)' 또는 ''에서 찾을 수 없습니다. 디버그 정보가 없는 것처럼 개체를 링크합니다.
libfbxsdk-mt.lib(iff_getchunk.cpp.obj) : warning LNK4099: '' PDB를 'libfbxsdk-mt.lib(iff_getchunk.cpp.obj)' 또는 ''에서 찾을 수 없습니다. 디버그 정보가 없는 것처럼 개체를 링크합니다.
libfbxsdk-mt.lib(iff_putchunk.cpp.obj) : warning LNK4099: '' PDB를 'libfbxsdk-mt.lib(iff_putchunk.cpp.obj)' 또는 ''에서 찾을 수 없습니다. 디버그 정보가 없는 것처럼 개체를 링크합니다.
libfbxsdk-mt.lib(iff_bgnwbchunk.cpp.obj) : warning LNK4099: '' PDB를 'libfbxsdk-mt.lib(iff_bgnwbchunk.cpp.obj)' 또는 ''에서 찾을 수 없습니다. 디버그 정보가 없는 것처럼 개체를 링크합니다.
libfbxsdk-mt.lib(iff_bgnrgroup.cpp.obj) : warning LNK4099: '' PDB를 'libfbxsdk-mt.lib(iff_bgnrgroup.cpp.obj)' 또는 ''에서 찾을 수 없습니다. 디버그 정보가 없는 것처럼 개체를 링크합니다.
libfbxsdk-mt.lib(iff_bgnwgroup.cpp.obj) : warning LNK4099: '' PDB를 'libfbxsdk-mt.lib(iff_bgnwgroup.cpp.obj)' 또는 ''에서 찾을 수 없습니다. 디버그 정보가 없는 것처럼 개체를 링크합니다.
libfbxsdk-mt.lib(iff_skipgroup.cpp.obj) : warning LNK4099: '' PDB를 'libfbxsdk-mt.lib(iff_skipgroup.cpp.obj)' 또는 ''에서 찾을 수 없습니다. 디버그 정보가 없는 것처럼 개체를 링크합니다.
libfbxsdk-mt.lib(iff_gets.cpp.obj) : warning LNK4099: '' PDB를 'libfbxsdk-mt.lib(iff_gets.cpp.obj)' 또는 ''에서 찾을 수 없습니다. 디버그 정보가 없는 것처럼 개체를 링크합니다.
libfbxsdk-mt.lib(iff_puts.cpp.obj) : warning LNK4099: '' PDB를 'libfbxsdk-mt.lib(iff_puts.cpp.obj)' 또는 ''에서 찾을 수 없습니다. 디버그 정보가 없는 것처럼 개체를 링크합니다.
libfbxsdk-mt.lib(awIffFile.cpp.obj) : warning LNK4099: '' PDB를 'libfbxsdk-mt.lib(awIffFile.cpp.obj)' 또는 ''에서 찾을 수 없습니다. 디버그 정보가 없는 것처럼 개체를 링크합니다.
libfbxsdk-mt.lib(iff_errno.cpp.obj) : warning LNK4099: '' PDB를 'libfbxsdk-mt.lib(iff_errno.cpp.obj)' 또는 ''에서 찾을 수 없습니다. 디버그 정보가 없는 것처럼 개체를 링크합니다.
libfbxsdk-mt.lib(iff_minfo8.cpp.obj) : warning LNK4099: '' PDB를 'libfbxsdk-mt.lib(iff_minfo8.cpp.obj)' 또는 ''에서 찾을 수 없습니다. 디버그 정보가 없는 것처럼 개체를 링크합니다.
libfbxsdk-mt.lib(iff_flibopen8.cpp.obj) : warning LNK4099: '' PDB를 'libfbxsdk-mt.lib(iff_flibopen8.cpp.obj)' 또는 ''에서 찾을 수 없습니다. 디버그 정보가 없는 것처럼 개체를 링크합니다.
libfbxsdk-mt.lib(iff_flush8.cpp.obj) : warning LNK4099: '' PDB를 'libfbxsdk-mt.lib(iff_flush8.cpp.obj)' 또는 ''에서 찾을 수 없습니다. 디버그 정보가 없는 것처럼 개체를 링크합니다.
libfbxsdk-mt.lib(iff_seek8.cpp.obj) : warning LNK4099: '' PDB를 'libfbxsdk-mt.lib(iff_seek8.cpp.obj)' 또는 ''에서 찾을 수 없습니다. 디버그 정보가 없는 것처럼 개체를 링크합니다.
libfbxsdk-mt.lib(iff_settmp8.cpp.obj) : warning LNK4099: '' PDB를 'libfbxsdk-mt.lib(iff_settmp8.cpp.obj)' 또는 ''에서 찾을 수 없습니다. 디버그 정보가 없는 것처럼 개체를 링크합니다.
libfbxsdk-mt.lib(iff_istty8.cpp.obj) : warning LNK4099: '' PDB를 'libfbxsdk-mt.lib(iff_istty8.cpp.obj)' 또는 ''에서 찾을 수 없습니다. 디버그 정보가 없는 것처럼 개체를 링크합니다.
libfbxsdk-mt.lib(iff_read8.cpp.obj) : warning LNK4099: '' PDB를 'libfbxsdk-mt.lib(iff_read8.cpp.obj)' 또는 ''에서 찾을 수 없습니다. 디버그 정보가 없는 것처럼 개체를 링크합니다.
libfbxsdk-mt.lib(iff_unread8.cpp.obj) : warning LNK4099: '' PDB를 'libfbxsdk-mt.lib(iff_unread8.cpp.obj)' 또는 ''에서 찾을 수 없습니다. 디버그 정보가 없는 것처럼 개체를 링크합니다.
libfbxsdk-mt.lib(iff_bgnread8.cpp.obj) : warning LNK4099: '' PDB를 'libfbxsdk-mt.lib(iff_bgnread8.cpp.obj)' 또는 ''에서 찾을 수 없습니다. 디버그 정보가 없는 것처럼 개체를 링크합니다.
libfbxsdk-mt.lib(iff_write8.cpp.obj) : warning LNK4099: '' PDB를 'libfbxsdk-mt.lib(iff_write8.cpp.obj)' 또는 ''에서 찾을 수 없습니다. 디버그 정보가 없는 것처럼 개체를 링크합니다.
libfbxsdk-mt.lib(iff_bgnwrite8.cpp.obj) : warning LNK4099: '' PDB를 'libfbxsdk-mt.lib(iff_bgnwrite8.cpp.obj)' 또는 ''에서 찾을 수 없습니다. 디버그 정보가 없는 것처럼 개체를 링크합니다.
libfbxsdk-mt.lib(iff_edit8.cpp.obj) : warning LNK4099: '' PDB를 'libfbxsdk-mt.lib(iff_edit8.cpp.obj)' 또는 ''에서 찾을 수 없습니다. 디버그 정보가 없는 것처럼 개체를 링크합니다.
libfbxsdk-mt.lib(iff_bgnget8.cpp.obj) : warning LNK4099: '' PDB를 'libfbxsdk-mt.lib(iff_bgnget8.cpp.obj)' 또는 ''에서 찾을 수 없습니다. 디버그 정보가 없는 것처럼 개체를 링크합니다.
libfbxsdk-mt.lib(iff_sget8.cpp.obj) : warning LNK4099: '' PDB를 'libfbxsdk-mt.lib(iff_sget8.cpp.obj)' 또는 ''에서 찾을 수 없습니다. 디버그 정보가 없는 것처럼 개체를 링크합니다.
libfbxsdk-mt.lib(iff_bgnput8.cpp.obj) : warning LNK4099: '' PDB를 'libfbxsdk-mt.lib(iff_bgnput8.cpp.obj)' 또는 ''에서 찾을 수 없습니다. 디버그 정보가 없는 것처럼 개체를 링크합니다.
libfbxsdk-mt.lib(iff_readchunk8.cpp.obj) : warning LNK4099: '' PDB를 'libfbxsdk-mt.lib(iff_readchunk8.cpp.obj)' 또는 ''에서 찾을 수 없습니다. 디버그 정보가 없는 것처럼 개체를 링크합니다.
libfbxsdk-mt.lib(iff_getchunk8.cpp.obj) : warning LNK4099: '' PDB를 'libfbxsdk-mt.lib(iff_getchunk8.cpp.obj)' 또는 ''에서 찾을 수 없습니다. 디버그 정보가 없는 것처럼 개체를 링크합니다.
libfbxsdk-mt.lib(iff_putchunk8.cpp.obj) : warning LNK4099: '' PDB를 'libfbxsdk-mt.lib(iff_putchunk8.cpp.obj)' 또는 ''에서 찾을 수 없습니다. 디버그 정보가 없는 것처럼 개체를 링크합니다.
libfbxsdk-mt.lib(iff_bgnwbchunk8.cpp.obj) : warning LNK4099: '' PDB를 'libfbxsdk-mt.lib(iff_bgnwbchunk8.cpp.obj)' 또는 ''에서 찾을 수 없습니다. 디버그 정보가 없는 것처럼 개체를 링크합니다.
libfbxsdk-mt.lib(iff_bgnrgroup8.cpp.obj) : warning LNK4099: '' PDB를 'libfbxsdk-mt.lib(iff_bgnrgroup8.cpp.obj)' 또는 ''에서 찾을 수 없습니다. 디버그 정보가 없는 것처럼 개체를 링크합니다.
libfbxsdk-mt.lib(iff_bgnwgroup8.cpp.obj) : warning LNK4099: '' PDB를 'libfbxsdk-mt.lib(iff_bgnwgroup8.cpp.obj)' 또는 ''에서 찾을 수 없습니다. 디버그 정보가 없는 것처럼 개체를 링크합니다.
libfbxsdk-mt.lib(iff_skipgroup8.cpp.obj) : warning LNK4099: '' PDB를 'libfbxsdk-mt.lib(iff_skipgroup8.cpp.obj)' 또는 ''에서 찾을 수 없습니다. 디버그 정보가 없는 것처럼 개체를 링크합니다.
libfbxsdk-mt.lib(iff_gets8.cpp.obj) : warning LNK4099: '' PDB를 'libfbxsdk-mt.lib(iff_gets8.cpp.obj)' 또는 ''에서 찾을 수 없습니다. 디버그 정보가 없는 것처럼 개체를 링크합니다.
libfbxsdk-mt.lib(iff_puts8.cpp.obj) : warning LNK4099: '' PDB를 'libfbxsdk-mt.lib(iff_puts8.cpp.obj)' 또는 ''에서 찾을 수 없습니다. 디버그 정보가 없는 것처럼 개체를 링크합니다.
libfbxsdk-mt.lib(TokenMap.cpp.obj) : warning LNK4099: '' PDB를 'libfbxsdk-mt.lib(TokenMap.cpp.obj)' 또는 ''에서 찾을 수 없습니다. 디버그 정보가 없는 것처럼 개체를 링크합니다.
libfbxsdk-mt.lib(Foundation.cpp.obj) : warning LNK4099: '' PDB를 'libfbxsdk-mt.lib(Foundation.cpp.obj)' 또는 ''에서 찾을 수 없습니다. 디버그 정보가 없는 것처럼 개체를 링크합니다.
libfbxsdk-mt.lib(ArchiveWriter.cpp.obj) : warning LNK4099: '' PDB를 'libfbxsdk-mt.lib(ArchiveWriter.cpp.obj)' 또는 ''에서 찾을 수 없습니다. 디버그 정보가 없는 것처럼 개체를 링크합니다.
libfbxsdk-mt.lib(OData.cpp.obj) : warning LNK4099: '' PDB를 'libfbxsdk-mt.lib(OData.cpp.obj)' 또는 ''에서 찾을 수 없습니다. 디버그 정보가 없는 것처럼 개체를 링크합니다.
libfbxsdk-mt.lib(OGroup.cpp.obj) : warning LNK4099: '' PDB를 'libfbxsdk-mt.lib(OGroup.cpp.obj)' 또는 ''에서 찾을 수 없습니다. 디버그 정보가 없는 것처럼 개체를 링크합니다.
libfbxsdk-mt.lib(OArchive.cpp.obj) : warning LNK4099: '' PDB를 'libfbxsdk-mt.lib(OArchive.cpp.obj)' 또는 ''에서 찾을 수 없습니다. 디버그 정보가 없는 것처럼 개체를 링크합니다.
libfbxsdk-mt.lib(MetaDataMap.cpp.obj) : warning LNK4099: '' PDB를 'libfbxsdk-mt.lib(MetaDataMap.cpp.obj)' 또는 ''에서 찾을 수 없습니다. 디버그 정보가 없는 것처럼 개체를 링크합니다.
libfbxsdk-mt.lib(WriteUtil.cpp.obj) : warning LNK4099: '' PDB를 'libfbxsdk-mt.lib(WriteUtil.cpp.obj)' 또는 ''에서 찾을 수 없습니다. 디버그 정보가 없는 것처럼 개체를 링크합니다.
libfbxsdk-mt.lib(OwData.cpp.obj) : warning LNK4099: '' PDB를 'libfbxsdk-mt.lib(OwData.cpp.obj)' 또는 ''에서 찾을 수 없습니다. 디버그 정보가 없는 것처럼 개체를 링크합니다.
libfbxsdk-mt.lib(OwImpl.cpp.obj) : warning LNK4099: '' PDB를 'libfbxsdk-mt.lib(OwImpl.cpp.obj)' 또는 ''에서 찾을 수 없습니다. 디버그 정보가 없는 것처럼 개체를 링크합니다.
libfbxsdk-mt.lib(ArchiveReader.cpp.obj) : warning LNK4099: '' PDB를 'libfbxsdk-mt.lib(ArchiveReader.cpp.obj)' 또는 ''에서 찾을 수 없습니다. 디버그 정보가 없는 것처럼 개체를 링크합니다.
libfbxsdk-mt.lib(IData.cpp.obj) : warning LNK4099: '' PDB를 'libfbxsdk-mt.lib(IData.cpp.obj)' 또는 ''에서 찾을 수 없습니다. 디버그 정보가 없는 것처럼 개체를 링크합니다.
libfbxsdk-mt.lib(IGroup.cpp.obj) : warning LNK4099: '' PDB를 'libfbxsdk-mt.lib(IGroup.cpp.obj)' 또는 ''에서 찾을 수 없습니다. 디버그 정보가 없는 것처럼 개체를 링크합니다.
libfbxsdk-mt.lib(IArchive.cpp.obj) : warning LNK4099: '' PDB를 'libfbxsdk-mt.lib(IArchive.cpp.obj)' 또는 ''에서 찾을 수 없습니다. 디버그 정보가 없는 것처럼 개체를 링크합니다.
libfbxsdk-mt.lib(StreamManager.cpp.obj) : warning LNK4099: '' PDB를 'libfbxsdk-mt.lib(StreamManager.cpp.obj)' 또는 ''에서 찾을 수 없습니다. 디버그 정보가 없는 것처럼 개체를 링크합니다.
libfbxsdk-mt.lib(OrData.cpp.obj) : warning LNK4099: '' PDB를 'libfbxsdk-mt.lib(OrData.cpp.obj)' 또는 ''에서 찾을 수 없습니다. 디버그 정보가 없는 것처럼 개체를 링크합니다.
libfbxsdk-mt.lib(OrImpl.cpp.obj) : warning LNK4099: '' PDB를 'libfbxsdk-mt.lib(OrImpl.cpp.obj)' 또는 ''에서 찾을 수 없습니다. 디버그 정보가 없는 것처럼 개체를 링크합니다.
libfbxsdk-mt.lib(ReadUtil.cpp.obj) : warning LNK4099: '' PDB를 'libfbxsdk-mt.lib(ReadUtil.cpp.obj)' 또는 ''에서 찾을 수 없습니다. 디버그 정보가 없는 것처럼 개체를 링크합니다.
libfbxsdk-mt.lib(OrImpl.cpp.obj) : warning LNK4099: '' PDB를 'libfbxsdk-mt.lib(OrImpl.cpp.obj)' 또는 ''에서 찾을 수 없습니다. 디버그 정보가 없는 것처럼 개체를 링크합니다.
libfbxsdk-mt.lib(swapbyte.cxx.obj) : warning LNK4099: '' PDB를 'libfbxsdk-mt.lib(swapbyte.cxx.obj)' 또는 ''에서 찾을 수 없습니다. 디버그 정보가 없는 것처럼 개체를 링크합니다.
libfbxsdk-mt.lib(3dsutil.cxx.obj) : warning LNK4099: '' PDB를 'libfbxsdk-mt.lib(3dsutil.cxx.obj)' 또는 ''에서 찾을 수 없습니다. 디버그 정보가 없는 것처럼 개체를 링크합니다.
libfbxsdk-mt.lib(awOSTmpFilename.cpp.obj) : warning LNK4099: '' PDB를 'libfbxsdk-mt.lib(awOSTmpFilename.cpp.obj)' 또는 ''에서 찾을 수 없습니다. 디버그 정보가 없는 것처럼 개체를 링크합니다.
libfbxsdk-mt.lib(iff_scanlist.cpp.obj) : warning LNK4099: '' PDB를 'libfbxsdk-mt.lib(iff_scanlist.cpp.obj)' 또는 ''에서 찾을 수 없습니다. 디버그 정보가 없는 것처럼 개체를 링크합니다.
libfbxsdk-mt.lib(iff_list.cpp.obj) : warning LNK4099: '' PDB를 'libfbxsdk-mt.lib(iff_list.cpp.obj)' 또는 ''에서 찾을 수 없습니다. 디버그 정보가 없는 것처럼 개체를 링크합니다.
libfbxsdk-mt.lib(iff_nodes.cpp.obj) : warning LNK4099: '' PDB를 'libfbxsdk-mt.lib(iff_nodes.cpp.obj)' 또는 ''에서 찾을 수 없습니다. 디버그 정보가 없는 것처럼 개체를 링크합니다.
libfbxsdk-mt.lib(iff_fmemory.cpp.obj) : warning LNK4099: '' PDB를 'libfbxsdk-mt.lib(iff_fmemory.cpp.obj)' 또는 ''에서 찾을 수 없습니다. 디버그 정보가 없는 것처럼 개체를 링크합니다.
libfbxsdk-mt.lib(iff_getext.cpp.obj) : warning LNK4099: '' PDB를 'libfbxsdk-mt.lib(iff_getext.cpp.obj)' 또는 ''에서 찾을 수 없습니다. 디버그 정보가 없는 것처럼 개체를 링크합니다.
libfbxsdk-mt.lib(iff_filter.cpp.obj) : warning LNK4099: '' PDB를 'libfbxsdk-mt.lib(iff_filter.cpp.obj)' 또는 ''에서 찾을 수 없습니다. 디버그 정보가 없는 것처럼 개체를 링크합니다.
libfbxsdk-mt.lib(iff_tmpname.cpp.obj) : warning LNK4099: '' PDB를 'libfbxsdk-mt.lib(iff_tmpname.cpp.obj)' 또는 ''에서 찾을 수 없습니다. 디버그 정보가 없는 것처럼 개체를 링크합니다.
libfbxsdk-mt.lib(iff_fdwrite.cpp.obj) : warning LNK4099: '' PDB를 'libfbxsdk-mt.lib(iff_fdwrite.cpp.obj)' 또는 ''에서 찾을 수 없습니다. 디버그 정보가 없는 것처럼 개체를 링크합니다.
libfbxsdk-mt.lib(iff_findfile.cpp.obj) : warning LNK4099: '' PDB를 'libfbxsdk-mt.lib(iff_findfile.cpp.obj)' 또는 ''에서 찾을 수 없습니다. 디버그 정보가 없는 것처럼 개체를 링크합니다.
libfbxsdk-mt.lib(iff_marks.cpp.obj) : warning LNK4099: '' PDB를 'libfbxsdk-mt.lib(iff_marks.cpp.obj)' 또는 ''에서 찾을 수 없습니다. 디버그 정보가 없는 것처럼 개체를 링크합니다.
libfbxsdk-mt.lib(iff_context.cpp.obj) : warning LNK4099: '' PDB를 'libfbxsdk-mt.lib(iff_context.cpp.obj)' 또는 ''에서 찾을 수 없습니다. 디버그 정보가 없는 것처럼 개체를 링크합니다.
libfbxsdk-mt.lib(iff_wait.cpp.obj) : warning LNK4099: '' PDB를 'libfbxsdk-mt.lib(iff_wait.cpp.obj)' 또는 ''에서 찾을 수 없습니다. 디버그 정보가 없는 것처럼 개체를 링크합니다.
libfbxsdk-mt.lib(iff_setdelay.cpp.obj) : warning LNK4099: '' PDB를 'libfbxsdk-mt.lib(iff_setdelay.cpp.obj)' 또는 ''에서 찾을 수 없습니다. 디버그 정보가 없는 것처럼 개체를 링크합니다.
libfbxsdk-mt.lib(iff_flsetid.cpp.obj) : warning LNK4099: '' PDB를 'libfbxsdk-mt.lib(iff_flsetid.cpp.obj)' 또는 ''에서 찾을 수 없습니다. 디버그 정보가 없는 것처럼 개체를 링크합니다.
libfbxsdk-mt.lib(iff_filter8.cpp.obj) : warning LNK4099: '' PDB를 'libfbxsdk-mt.lib(iff_filter8.cpp.obj)' 또는 ''에서 찾을 수 없습니다. 디버그 정보가 없는 것처럼 개체를 링크합니다.
libfbxsdk-mt.lib(iff_marks8.cpp.obj) : warning LNK4099: '' PDB를 'libfbxsdk-mt.lib(iff_marks8.cpp.obj)' 또는 ''에서 찾을 수 없습니다. 디버그 정보가 없는 것처럼 개체를 링크합니다.
libfbxsdk-mt.lib(iff_context8.cpp.obj) : warning LNK4099: '' PDB를 'libfbxsdk-mt.lib(iff_context8.cpp.obj)' 또는 ''에서 찾을 수 없습니다. 디버그 정보가 없는 것처럼 개체를 링크합니다.
libfbxsdk-mt.lib(iff_flsetid8.cpp.obj) : warning LNK4099: '' PDB를 'libfbxsdk-mt.lib(iff_flsetid8.cpp.obj)' 또는 ''에서 찾을 수 없습니다. 디버그 정보가 없는 것처럼 개체를 링크합니다.
libfbxsdk-mt.lib(OStream.cpp.obj) : warning LNK4099: '' PDB를 'libfbxsdk-mt.lib(OStream.cpp.obj)' 또는 ''에서 찾을 수 없습니다. 디버그 정보가 없는 것처럼 개체를 링크합니다.
libfbxsdk-mt.lib(SpookyV2.cpp.obj) : warning LNK4099: '' PDB를 'libfbxsdk-mt.lib(SpookyV2.cpp.obj)' 또는 ''에서 찾을 수 없습니다. 디버그 정보가 없는 것처럼 개체를 링크합니다.
libfbxsdk-mt.lib(CpwData.cpp.obj) : warning LNK4099: '' PDB를 'libfbxsdk-mt.lib(CpwData.cpp.obj)' 또는 ''에서 찾을 수 없습니다. 디버그 정보가 없는 것처럼 개체를 링크합니다.
libfbxsdk-mt.lib(CpwImpl.cpp.obj) : warning LNK4099: '' PDB를 'libfbxsdk-mt.lib(CpwImpl.cpp.obj)' 또는 ''에서 찾을 수 없습니다. 디버그 정보가 없는 것처럼 개체를 링크합니다.
libfbxsdk-mt.lib(ObjectWriter.cpp.obj) : warning LNK4099: '' PDB를 'libfbxsdk-mt.lib(ObjectWriter.cpp.obj)' 또는 ''에서 찾을 수 없습니다. 디버그 정보가 없는 것처럼 개체를 링크합니다.
libfbxsdk-mt.lib(IStreams.cpp.obj) : warning LNK4099: '' PDB를 'libfbxsdk-mt.lib(IStreams.cpp.obj)' 또는 ''에서 찾을 수 없습니다. 디버그 정보가 없는 것처럼 개체를 링크합니다.
libfbxsdk-mt.lib(CprData.cpp.obj) : warning LNK4099: '' PDB를 'libfbxsdk-mt.lib(CprData.cpp.obj)' 또는 ''에서 찾을 수 없습니다. 디버그 정보가 없는 것처럼 개체를 링크합니다.
libfbxsdk-mt.lib(CprImpl.cpp.obj) : warning LNK4099: '' PDB를 'libfbxsdk-mt.lib(CprImpl.cpp.obj)' 또는 ''에서 찾을 수 없습니다. 디버그 정보가 없는 것처럼 개체를 링크합니다.
libfbxsdk-mt.lib(ObjectReader.cpp.obj) : warning LNK4099: '' PDB를 'libfbxsdk-mt.lib(ObjectReader.cpp.obj)' 또는 ''에서 찾을 수 없습니다. 디버그 정보가 없는 것처럼 개체를 링크합니다.
libfbxsdk-mt.lib(half.cpp.obj) : warning LNK4099: '' PDB를 'libfbxsdk-mt.lib(half.cpp.obj)' 또는 ''에서 찾을 수 없습니다. 디버그 정보가 없는 것처럼 개체를 링크합니다.
libfbxsdk-mt.lib(ArraySample.cpp.obj) : warning LNK4099: '' PDB를 'libfbxsdk-mt.lib(ArraySample.cpp.obj)' 또는 ''에서 찾을 수 없습니다. 디버그 정보가 없는 것처럼 개체를 링크합니다.
libfbxsdk-mt.lib(CprImpl.cpp.obj) : warning LNK4099: '' PDB를 'libfbxsdk-mt.lib(CprImpl.cpp.obj)' 또는 ''에서 찾을 수 없습니다. 디버그 정보가 없는 것처럼 개체를 링크합니다.
libfbxsdk-mt.lib(awOSFileOps.cpp.obj) : warning LNK4099: '' PDB를 'libfbxsdk-mt.lib(awOSFileOps.cpp.obj)' 또는 ''에서 찾을 수 없습니다. 디버그 정보가 없는 것처럼 개체를 링크합니다.
libfbxsdk-mt.lib(iff_exec.cpp.obj) : warning LNK4099: '' PDB를 'libfbxsdk-mt.lib(iff_exec.cpp.obj)' 또는 ''에서 찾을 수 없습니다. 디버그 정보가 없는 것처럼 개체를 링크합니다.
libfbxsdk-mt.lib(iff_flpath.cpp.obj) : warning LNK4099: '' PDB를 'libfbxsdk-mt.lib(iff_flpath.cpp.obj)' 또는 ''에서 찾을 수 없습니다. 디버그 정보가 없는 것처럼 개체를 링크합니다.
libfbxsdk-mt.lib(iff_gettype.cpp.obj) : warning LNK4099: '' PDB를 'libfbxsdk-mt.lib(iff_gettype.cpp.obj)' 또는 ''에서 찾을 수 없습니다. 디버그 정보가 없는 것처럼 개체를 링크합니다.
libfbxsdk-mt.lib(SpwImpl.cpp.obj) : warning LNK4099: '' PDB를 'libfbxsdk-mt.lib(SpwImpl.cpp.obj)' 또는 ''에서 찾을 수 없습니다. 디버그 정보가 없는 것처럼 개체를 링크합니다.
libfbxsdk-mt.lib(ApwImpl.cpp.obj) : warning LNK4099: '' PDB를 'libfbxsdk-mt.lib(ApwImpl.cpp.obj)' 또는 ''에서 찾을 수 없습니다. 디버그 정보가 없는 것처럼 개체를 링크합니다.
libfbxsdk-mt.lib(BasePropertyWriter.cpp.obj) : warning LNK4099: '' PDB를 'libfbxsdk-mt.lib(BasePropertyWriter.cpp.obj)' 또는 ''에서 찾을 수 없습니다. 디버그 정보가 없는 것처럼 개체를 링크합니다.
libfbxsdk-mt.lib(CompoundPropertyWriter.cpp.obj) : warning LNK4099: '' PDB를 'libfbxsdk-mt.lib(CompoundPropertyWriter.cpp.obj)' 또는 ''에서 찾을 수 없습니다. 디버그 정보가 없는 것처럼 개체를 링크합니다.
libfbxsdk-mt.lib(SprImpl.cpp.obj) : warning LNK4099: '' PDB를 'libfbxsdk-mt.lib(SprImpl.cpp.obj)' 또는 ''에서 찾을 수 없습니다. 디버그 정보가 없는 것처럼 개체를 링크합니다.
libfbxsdk-mt.lib(AprImpl.cpp.obj) : warning LNK4099: '' PDB를 'libfbxsdk-mt.lib(AprImpl.cpp.obj)' 또는 ''에서 찾을 수 없습니다. 디버그 정보가 없는 것처럼 개체를 링크합니다.
libfbxsdk-mt.lib(BasePropertyReader.cpp.obj) : warning LNK4099: '' PDB를 'libfbxsdk-mt.lib(BasePropertyReader.cpp.obj)' 또는 ''에서 찾을 수 없습니다. 디버그 정보가 없는 것처럼 개체를 링크합니다.
libfbxsdk-mt.lib(CompoundPropertyReader.cpp.obj) : warning LNK4099: '' PDB를 'libfbxsdk-mt.lib(CompoundPropertyReader.cpp.obj)' 또는 ''에서 찾을 수 없습니다. 디버그 정보가 없는 것처럼 개체를 링크합니다.
libfbxsdk-mt.lib(Murmur3.cpp.obj) : warning LNK4099: '' PDB를 'libfbxsdk-mt.lib(Murmur3.cpp.obj)' 또는 ''에서 찾을 수 없습니다. 디버그 정보가 없는 것처럼 개체를 링크합니다.
libfbxsdk-mt.lib(iff_work.cpp.obj) : warning LNK4099: '' PDB를 'libfbxsdk-mt.lib(iff_work.cpp.obj)' 또는 ''에서 찾을 수 없습니다. 디버그 정보가 없는 것처럼 개체를 링크합니다.
libfbxsdk-mt.lib(ScalarPropertyWriter.cpp.obj) : warning LNK4099: '' PDB를 'libfbxsdk-mt.lib(ScalarPropertyWriter.cpp.obj)' 또는 ''에서 찾을 수 없습니다. 디버그 정보가 없는 것처럼 개체를 링크합니다.
libfbxsdk-mt.lib(ArrayPropertyWriter.cpp.obj) : warning LNK4099: '' PDB를 'libfbxsdk-mt.lib(ArrayPropertyWriter.cpp.obj)' 또는 ''에서 찾을 수 없습니다. 디버그 정보가 없는 것처럼 개체를 링크합니다.
libfbxsdk-mt.lib(ScalarPropertyReader.cpp.obj) : warning LNK4099: '' PDB를 'libfbxsdk-mt.lib(ScalarPropertyReader.cpp.obj)' 또는 ''에서 찾을 수 없습니다. 디버그 정보가 없는 것처럼 개체를 링크합니다.
libfbxsdk-mt.lib(ArrayPropertyReader.cpp.obj) : warning LNK4099: '' PDB를 'libfbxsdk-mt.lib(ArrayPropertyReader.cpp.obj)' 또는 ''에서 찾을 수 없습니다. 디버그 정보가 없는 것처럼 개체를 링크합니다.
libxml2-mt.lib(parser.c.obj) : warning LNK4099: '' PDB를 'libxml2-mt.lib(parser.c.obj)' 또는 ''에서 찾을 수 없습니다. 디버그 정보가 없는 것처럼 개체를 링크합니다.
libxml2-mt.lib(xmlstring.c.obj) : warning LNK4099: '' PDB를 'libxml2-mt.lib(xmlstring.c.obj)' 또는 ''에서 찾을 수 없습니다. 디버그 정보가 없는 것처럼 개체를 링크합니다.
libxml2-mt.lib(tree.c.obj) : warning LNK4099: '' PDB를 'libxml2-mt.lib(tree.c.obj)' 또는 ''에서 찾을 수 없습니다. 디버그 정보가 없는 것처럼 개체를 링크합니다.
libxml2-mt.lib(xmlsave.c.obj) : warning LNK4099: '' PDB를 'libxml2-mt.lib(xmlsave.c.obj)' 또는 ''에서 찾을 수 없습니다. 디버그 정보가 없는 것처럼 개체를 링크합니다.
libxml2-mt.lib(globals.c.obj) : warning LNK4099: '' PDB를 'libxml2-mt.lib(globals.c.obj)' 또는 ''에서 찾을 수 없습니다. 디버그 정보가 없는 것처럼 개체를 링크합니다.
libxml2-mt.lib(entities.c.obj) : warning LNK4099: '' PDB를 'libxml2-mt.lib(entities.c.obj)' 또는 ''에서 찾을 수 없습니다. 디버그 정보가 없는 것처럼 개체를 링크합니다.
libxml2-mt.lib(xmlIO.c.obj) : warning LNK4099: '' PDB를 'libxml2-mt.lib(xmlIO.c.obj)' 또는 ''에서 찾을 수 없습니다. 디버그 정보가 없는 것처럼 개체를 링크합니다.
libxml2-mt.lib(xmlmemory.c.obj) : warning LNK4099: '' PDB를 'libxml2-mt.lib(xmlmemory.c.obj)' 또는 ''에서 찾을 수 없습니다. 디버그 정보가 없는 것처럼 개체를 링크합니다.
libxml2-mt.lib(buf.c.obj) : warning LNK4099: '' PDB를 'libxml2-mt.lib(buf.c.obj)' 또는 ''에서 찾을 수 없습니다. 디버그 정보가 없는 것처럼 개체를 링크합니다.
libxml2-mt.lib(dict.c.obj) : warning LNK4099: '' PDB를 'libxml2-mt.lib(dict.c.obj)' 또는 ''에서 찾을 수 없습니다. 디버그 정보가 없는 것처럼 개체를 링크합니다.
libxml2-mt.lib(hash.c.obj) : warning LNK4099: '' PDB를 'libxml2-mt.lib(hash.c.obj)' 또는 ''에서 찾을 수 없습니다. 디버그 정보가 없는 것처럼 개체를 링크합니다.
libxml2-mt.lib(error.c.obj) : warning LNK4099: '' PDB를 'libxml2-mt.lib(error.c.obj)' 또는 ''에서 찾을 수 없습니다. 디버그 정보가 없는 것처럼 개체를 링크합니다.
libxml2-mt.lib(valid.c.obj) : warning LNK4099: '' PDB를 'libxml2-mt.lib(valid.c.obj)' 또는 ''에서 찾을 수 없습니다. 디버그 정보가 없는 것처럼 개체를 링크합니다.
libxml2-mt.lib(encoding.c.obj) : warning LNK4099: '' PDB를 'libxml2-mt.lib(encoding.c.obj)' 또는 ''에서 찾을 수 없습니다. 디버그 정보가 없는 것처럼 개체를 링크합니다.
libxml2-mt.lib(parserInternals.c.obj) : warning LNK4099: '' PDB를 'libxml2-mt.lib(parserInternals.c.obj)' 또는 ''에서 찾을 수 없습니다. 디버그 정보가 없는 것처럼 개체를 링크합니다.
libxml2-mt.lib(SAX2.c.obj) : warning LNK4099: '' PDB를 'libxml2-mt.lib(SAX2.c.obj)' 또는 ''에서 찾을 수 없습니다. 디버그 정보가 없는 것처럼 개체를 링크합니다.
libxml2-mt.lib(threads.c.obj) : warning LNK4099: '' PDB를 'libxml2-mt.lib(threads.c.obj)' 또는 ''에서 찾을 수 없습니다. 디버그 정보가 없는 것처럼 개체를 링크합니다.
libxml2-mt.lib(chvalid.c.obj) : warning LNK4099: '' PDB를 'libxml2-mt.lib(chvalid.c.obj)' 또는 ''에서 찾을 수 없습니다. 디버그 정보가 없는 것처럼 개체를 링크합니다.
libxml2-mt.lib(uri.c.obj) : warning LNK4099: '' PDB를 'libxml2-mt.lib(uri.c.obj)' 또는 ''에서 찾을 수 없습니다. 디버그 정보가 없는 것처럼 개체를 링크합니다.
libxml2-mt.lib(xmlschemastypes.c.obj) : warning LNK4099: '' PDB를 'libxml2-mt.lib(xmlschemastypes.c.obj)' 또는 ''에서 찾을 수 없습니다. 디버그 정보가 없는 것처럼 개체를 링크합니다.
libxml2-mt.lib(relaxng.c.obj) : warning LNK4099: '' PDB를 'libxml2-mt.lib(relaxng.c.obj)' 또는 ''에서 찾을 수 없습니다. 디버그 정보가 없는 것처럼 개체를 링크합니다.
libxml2-mt.lib(xpath.c.obj) : warning LNK4099: '' PDB를 'libxml2-mt.lib(xpath.c.obj)' 또는 ''에서 찾을 수 없습니다. 디버그 정보가 없는 것처럼 개체를 링크합니다.
libxml2-mt.lib(xmlregexp.c.obj) : warning LNK4099: '' PDB를 'libxml2-mt.lib(xmlregexp.c.obj)' 또는 ''에서 찾을 수 없습니다. 디버그 정보가 없는 것처럼 개체를 링크합니다.
libxml2-mt.lib(list.c.obj) : warning LNK4099: '' PDB를 'libxml2-mt.lib(list.c.obj)' 또는 ''에서 찾을 수 없습니다. 디버그 정보가 없는 것처럼 개체를 링크합니다.
libxml2-mt.lib(xmlschemas.c.obj) : warning LNK4099: '' PDB를 'libxml2-mt.lib(xmlschemas.c.obj)' 또는 ''에서 찾을 수 없습니다. 디버그 정보가 없는 것처럼 개체를 링크합니다.
libxml2-mt.lib(pattern.c.obj) : warning LNK4099: '' PDB를 'libxml2-mt.lib(pattern.c.obj)' 또는 ''에서 찾을 수 없습니다. 디버그 정보가 없는 것처럼 개체를 링크합니다.
libxml2-mt.lib(xmlunicode.c.obj) : warning LNK4099: '' PDB를 'libxml2-mt.lib(xmlunicode.c.obj)' 또는 ''에서 찾을 수 없습니다. 디버그 정보가 없는 것처럼 개체를 링크합니다.
libxml2-mt.lib(xmlreader.c.obj) : warning LNK4099: '' PDB를 'libxml2-mt.lib(xmlreader.c.obj)' 또는 ''에서 찾을 수 없습니다. 디버그 정보가 없는 것처럼 개체를 링크합니다.
libxml2-mt.lib(xinclude.c.obj) : warning LNK4099: '' PDB를 'libxml2-mt.lib(xinclude.c.obj)' 또는 ''에서 찾을 수 없습니다. 디버그 정보가 없는 것처럼 개체를 링크합니다.
libxml2-mt.lib(xpointer.c.obj) : warning LNK4099: '' PDB를 'libxml2-mt.lib(xpointer.c.obj)' 또는 ''에서 찾을 수 없습니다. 디버그 정보가 없는 것처럼 개체를 링크합니다.
zlib-mt.lib(adler32.c.obj) : warning LNK4099: '' PDB를 'zlib-mt.lib(adler32.c.obj)' 또는 ''에서 찾을 수 없습니다. 디버그 정보가 없는 것처럼 개체를 링크합니다.
zlib-mt.lib(deflate.c.obj) : warning LNK4099: '' PDB를 'zlib-mt.lib(deflate.c.obj)' 또는 ''에서 찾을 수 없습니다. 디버그 정보가 없는 것처럼 개체를 링크합니다.
zlib-mt.lib(inflate.c.obj) : warning LNK4099: '' PDB를 'zlib-mt.lib(inflate.c.obj)' 또는 ''에서 찾을 수 없습니다. 디버그 정보가 없는 것처럼 개체를 링크합니다.
zlib-mt.lib(crc32.c.obj) : warning LNK4099: '' PDB를 'zlib-mt.lib(crc32.c.obj)' 또는 ''에서 찾을 수 없습니다. 디버그 정보가 없는 것처럼 개체를 링크합니다.
zlib-mt.lib(zutil.c.obj) : warning LNK4099: '' PDB를 'zlib-mt.lib(zutil.c.obj)' 또는 ''에서 찾을 수 없습니다. 디버그 정보가 없는 것처럼 개체를 링크합니다.
zlib-mt.lib(trees.c.obj) : warning LNK4099: '' PDB를 'zlib-mt.lib(trees.c.obj)' 또는 ''에서 찾을 수 없습니다. 디버그 정보가 없는 것처럼 개체를 링크합니다.
zlib-mt.lib(inftrees.c.obj) : warning LNK4099: '' PDB를 'zlib-mt.lib(inftrees.c.obj)' 또는 ''에서 찾을 수 없습니다. 디버그 정보가 없는 것처럼 개체를 링크합니다.
zlib-mt.lib(inffast.c.obj) : warning LNK4099: '' PDB를 'zlib-mt.lib(inffast.c.obj)' 또는 ''에서 찾을 수 없습니다. 디버그 정보가 없는 것처럼 개체를 링크합니다.
  LabProject.vcxproj -> C:\Users\Seungwan\Desktop\LabProject_monster_임시저장\x64\Debug\LabProject.exe
