  Camera.cpp
  Enemy.cpp
  GameFramework.cpp
  GameObject.cpp
  LabProject.cpp
  Mesh.cpp
  Player.cpp
  Scene.cpp
  Shader.cpp
  Timer.cpp
  코드를 생성하고 있습니다...
Enemy.obj : error LNK2019: "public: void __cdecl DirectX::ScratchImage::Release(void)" (?Release@ScratchImage@DirectX@@QAAXXZ)"public: __thiscall DirectX::ScratchImage::~ScratchImage(void)" (??1ScratchImage@DirectX@@QAE@XZ) 함수에서 참조되는 확인할 수 없는 외부 기호
Enemy.obj : error LNK2019: "public: struct DirectX::Image const * __cdecl DirectX::ScratchImage::GetImage(unsigned int,unsigned int,unsigned int)const " (?GetImage@ScratchImage@DirectX@@QBAPBUImage@2@III@Z)"private: void __thiscall CEnemyMeshDiffused::LoadTexture(struct ID3D12Device *,struct ID3D12GraphicsCommandList *,char const *)" (?LoadTexture@CEnemyMeshDiffused@@AAEXPAUID3D12Device@@PAUID3D12GraphicsCommandList@@PBD@Z) 함수에서 참조되는 확인할 수 없는 외부 기호
Enemy.obj : error LNK2019: "long __cdecl DirectX::LoadFromWICFile(wchar_t const *,enum DirectX::WIC_FLAGS,struct DirectX::TexMetadata *,class DirectX::ScratchImage &,class std::function<void __cdecl(struct IWICMetadataQueryReader *)>)" (?LoadFromWICFile@DirectX@@YAJPB_WW4WIC_FLAGS@1@PAUTexMetadata@1@AAVScratchImage@1@V?$function@$$A6AXPAUIWICMetadataQueryReader@@@Z@std@@@Z)"private: void __thiscall CEnemyMeshDiffused::LoadTexture(struct ID3D12Device *,struct ID3D12GraphicsCommandList *,char const *)" (?LoadTexture@CEnemyMeshDiffused@@AAEXPAUID3D12Device@@PAUID3D12GraphicsCommandList@@PBD@Z) 함수에서 참조되는 확인할 수 없는 외부 기호
Enemy.obj : error LNK2019: "void __cdecl fbxsdk::_FbxAssert(char const *,char const *,unsigned int,bool,char const *,...)" (?_FbxAssert@fbxsdk@@YAXPBD0I_N0ZZ)"public: int & __thiscall fbxsdk::FbxArray<int,16>::operator[](int)const " (??A?$FbxArray@H$0BA@@fbxsdk@@QBEAAHH@Z) 함수에서 참조되는 확인할 수 없는 외부 기호
Shader.obj : error LNK2001: 확인할 수 없는 외부 기호 "void __cdecl fbxsdk::_FbxAssert(char const *,char const *,unsigned int,bool,char const *,...)" (?_FbxAssert@fbxsdk@@YAXPBD0I_N0ZZ)
Enemy.obj : error LNK2019: "unsigned int __cdecl fbxsdk::FbxAllocSize(unsigned int,unsigned int)" (?FbxAllocSize@fbxsdk@@YAIII@Z)"public: void * __thiscall fbxsdk::FbxBaseAllocator::AllocateRecords(unsigned int)" (?AllocateRecords@FbxBaseAllocator@fbxsdk@@QAEPAXI@Z) 함수에서 참조되는 확인할 수 없는 외부 기호
Shader.obj : error LNK2001: 확인할 수 없는 외부 기호 "unsigned int __cdecl fbxsdk::FbxAllocSize(unsigned int,unsigned int)" (?FbxAllocSize@fbxsdk@@YAIII@Z)
Enemy.obj : error LNK2019: "void * __cdecl fbxsdk::FbxMalloc(unsigned int)" (?FbxMalloc@fbxsdk@@YAPAXI@Z)"public: void * __thiscall fbxsdk::FbxBaseAllocator::AllocateRecords(unsigned int)" (?AllocateRecords@FbxBaseAllocator@fbxsdk@@QAEPAXI@Z) 함수에서 참조되는 확인할 수 없는 외부 기호
Shader.obj : error LNK2001: 확인할 수 없는 외부 기호 "void * __cdecl fbxsdk::FbxMalloc(unsigned int)" (?FbxMalloc@fbxsdk@@YAPAXI@Z)
Enemy.obj : error LNK2019: "void __cdecl fbxsdk::FbxFree(void *)" (?FbxFree@fbxsdk@@YAXPAX@Z)"public: void __thiscall fbxsdk::FbxBaseAllocator::FreeMemory(void *)" (?FreeMemory@FbxBaseAllocator@fbxsdk@@QAEXPAX@Z) 함수에서 참조되는 확인할 수 없는 외부 기호
Shader.obj : error LNK2001: 확인할 수 없는 외부 기호 "void __cdecl fbxsdk::FbxFree(void *)" (?FbxFree@fbxsdk@@YAXPAX@Z)
Enemy.obj : error LNK2019: "public: __thiscall fbxsdk::FbxString::FbxString(class fbxsdk::FbxString const &)" (??0FbxString@fbxsdk@@QAE@ABV01@@Z)"public: __thiscall fbxsdk::FbxPair<class fbxsdk::FbxString const ,class fbxsdk::FbxObject *>::FbxPair<class fbxsdk::FbxString const ,class fbxsdk::FbxObject *>(class fbxsdk::FbxPair<class fbxsdk::FbxString const ,class fbxsdk::FbxObject *> const &)" (??0?$FbxPair@$$CBVFbxString@fbxsdk@@PAVFbxObject@2@@fbxsdk@@QAE@ABV01@@Z) 함수에서 참조되는 확인할 수 없는 외부 기호
Shader.obj : error LNK2001: 확인할 수 없는 외부 기호 "public: __thiscall fbxsdk::FbxString::FbxString(class fbxsdk::FbxString const &)" (??0FbxString@fbxsdk@@QAE@ABV01@@Z)
Enemy.obj : error LNK2019: "public: __thiscall fbxsdk::FbxString::~FbxString(void)" (??1FbxString@fbxsdk@@QAE@XZ)"public: __thiscall fbxsdk::FbxPair<class fbxsdk::FbxString const ,class fbxsdk::FbxObject *>::~FbxPair<class fbxsdk::FbxString const ,class fbxsdk::FbxObject *>(void)" (??1?$FbxPair@$$CBVFbxString@fbxsdk@@PAVFbxObject@2@@fbxsdk@@QAE@XZ) 함수에서 참조되는 확인할 수 없는 외부 기호
Shader.obj : error LNK2001: 확인할 수 없는 외부 기호 "public: __thiscall fbxsdk::FbxString::~FbxString(void)" (??1FbxString@fbxsdk@@QAE@XZ)
Enemy.obj : error LNK2019: "public: __thiscall fbxsdk::FbxString::operator char const *(void)const " (??BFbxString@fbxsdk@@QBEPBDXZ)"public: int __thiscall fbxsdk::FbxStringCompare::operator()(class fbxsdk::FbxString const &,class fbxsdk::FbxString const &)const " (??RFbxStringCompare@fbxsdk@@QBEHABVFbxString@1@0@Z) 함수에서 참조되는 확인할 수 없는 외부 기호
Shader.obj : error LNK2001: 확인할 수 없는 외부 기호 "public: __thiscall fbxsdk::FbxString::operator char const *(void)const " (??BFbxString@fbxsdk@@QBEPBDXZ)
Enemy.obj : error LNK2019: "public: int __thiscall fbxsdk::FbxString::Compare(char const *)const " (?Compare@FbxString@fbxsdk@@QBEHPBD@Z)"public: int __thiscall fbxsdk::FbxStringCompare::operator()(class fbxsdk::FbxString const &,class fbxsdk::FbxString const &)const " (??RFbxStringCompare@fbxsdk@@QBEHABVFbxString@1@0@Z) 함수에서 참조되는 확인할 수 없는 외부 기호
Shader.obj : error LNK2001: 확인할 수 없는 외부 기호 "public: int __thiscall fbxsdk::FbxString::Compare(char const *)const " (?Compare@FbxString@fbxsdk@@QBEHPBD@Z)
Enemy.obj : error LNK2019: "public: void __thiscall fbxsdk::FbxObject::Destroy(bool)" (?Destroy@FbxObject@fbxsdk@@QAEX_N@Z)"private: void __thiscall CEnemyMeshDiffused::LoadFBXMesh(struct ID3D12Device *,struct ID3D12GraphicsCommandList *,char const *,float,float,float)" (?LoadFBXMesh@CEnemyMeshDiffused@@AAEXPAUID3D12Device@@PAUID3D12GraphicsCommandList@@PBDMMM@Z) 함수에서 참조되는 확인할 수 없는 외부 기호
Enemy.obj : error LNK2019: "public: static class fbxsdk::FbxManager * __cdecl fbxsdk::FbxManager::Create(void)" (?Create@FbxManager@fbxsdk@@SAPAV12@XZ)"private: void __thiscall CEnemyMeshDiffused::LoadFBXMesh(struct ID3D12Device *,struct ID3D12GraphicsCommandList *,char const *,float,float,float)" (?LoadFBXMesh@CEnemyMeshDiffused@@AAEXPAUID3D12Device@@PAUID3D12GraphicsCommandList@@PBDMMM@Z) 함수에서 참조되는 확인할 수 없는 외부 기호
Enemy.obj : error LNK2019: "public: static class fbxsdk::FbxIOSettings * __cdecl fbxsdk::FbxIOSettings::Create(class fbxsdk::FbxManager *,char const *)" (?Create@FbxIOSettings@fbxsdk@@SAPAV12@PAVFbxManager@2@PBD@Z)"private: void __thiscall CEnemyMeshDiffused::LoadFBXMesh(struct ID3D12Device *,struct ID3D12GraphicsCommandList *,char const *,float,float,float)" (?LoadFBXMesh@CEnemyMeshDiffused@@AAEXPAUID3D12Device@@PAUID3D12GraphicsCommandList@@PBDMMM@Z) 함수에서 참조되는 확인할 수 없는 외부 기호
Enemy.obj : error LNK2019: "public: static class fbxsdk::FbxImporter * __cdecl fbxsdk::FbxImporter::Create(class fbxsdk::FbxManager *,char const *)" (?Create@FbxImporter@fbxsdk@@SAPAV12@PAVFbxManager@2@PBD@Z)"private: void __thiscall CEnemyMeshDiffused::LoadFBXMesh(struct ID3D12Device *,struct ID3D12GraphicsCommandList *,char const *,float,float,float)" (?LoadFBXMesh@CEnemyMeshDiffused@@AAEXPAUID3D12Device@@PAUID3D12GraphicsCommandList@@PBDMMM@Z) 함수에서 참조되는 확인할 수 없는 외부 기호
Enemy.obj : error LNK2019: "public: bool __thiscall fbxsdk::FbxImporter::Import(class fbxsdk::FbxDocument *,bool)" (?Import@FbxImporter@fbxsdk@@QAE_NPAVFbxDocument@2@_N@Z)"private: void __thiscall CEnemyMeshDiffused::LoadFBXMesh(struct ID3D12Device *,struct ID3D12GraphicsCommandList *,char const *,float,float,float)" (?LoadFBXMesh@CEnemyMeshDiffused@@AAEXPAUID3D12Device@@PAUID3D12GraphicsCommandList@@PBDMMM@Z) 함수에서 참조되는 확인할 수 없는 외부 기호
Enemy.obj : error LNK2019: "public: int __thiscall fbxsdk::FbxNode::GetChildCount(bool)const " (?GetChildCount@FbxNode@fbxsdk@@QBEH_N@Z)"private: void __thiscall CEnemyMeshDiffused::ProcessNode(class fbxsdk::FbxNode *,class fbxsdk::FbxScene *,class std::vector<struct CDiffusedEnemyVertex,class std::allocator<struct CDiffusedEnemyVertex> > &,class std::vector<unsigned int,class std::allocator<unsigned int> > &,float,float,float)" (?ProcessNode@CEnemyMeshDiffused@@AAEXPAVFbxNode@fbxsdk@@PAVFbxScene@3@AAV?$vector@UCDiffusedEnemyVertex@@V?$allocator@UCDiffusedEnemyVertex@@@std@@@std@@AAV?$vector@IV?$allocator@I@std@@@6@MMM@Z) 함수에서 참조되는 확인할 수 없는 외부 기호
Enemy.obj : error LNK2019: "public: class fbxsdk::FbxNode * __thiscall fbxsdk::FbxNode::GetChild(int)" (?GetChild@FbxNode@fbxsdk@@QAEPAV12@H@Z)"private: void __thiscall CEnemyMeshDiffused::ProcessNode(class fbxsdk::FbxNode *,class fbxsdk::FbxScene *,class std::vector<struct CDiffusedEnemyVertex,class std::allocator<struct CDiffusedEnemyVertex> > &,class std::vector<unsigned int,class std::allocator<unsigned int> > &,float,float,float)" (?ProcessNode@CEnemyMeshDiffused@@AAEXPAVFbxNode@fbxsdk@@PAVFbxScene@3@AAV?$vector@UCDiffusedEnemyVertex@@V?$allocator@UCDiffusedEnemyVertex@@@std@@@std@@AAV?$vector@IV?$allocator@I@std@@@6@MMM@Z) 함수에서 참조되는 확인할 수 없는 외부 기호
Enemy.obj : error LNK2019: "public: class fbxsdk::FbxNodeAttribute * __thiscall fbxsdk::FbxNode::GetNodeAttribute(void)" (?GetNodeAttribute@FbxNode@fbxsdk@@QAEPAVFbxNodeAttribute@2@XZ)"private: void __thiscall CEnemyMeshDiffused::ProcessNode(class fbxsdk::FbxNode *,class fbxsdk::FbxScene *,class std::vector<struct CDiffusedEnemyVertex,class std::allocator<struct CDiffusedEnemyVertex> > &,class std::vector<unsigned int,class std::allocator<unsigned int> > &,float,float,float)" (?ProcessNode@CEnemyMeshDiffused@@AAEXPAVFbxNode@fbxsdk@@PAVFbxScene@3@AAV?$vector@UCDiffusedEnemyVertex@@V?$allocator@UCDiffusedEnemyVertex@@@std@@@std@@AAV?$vector@IV?$allocator@I@std@@@6@MMM@Z) 함수에서 참조되는 확인할 수 없는 외부 기호
Enemy.obj : error LNK2019: "public: static class fbxsdk::FbxScene * __cdecl fbxsdk::FbxScene::Create(class fbxsdk::FbxManager *,char const *)" (?Create@FbxScene@fbxsdk@@SAPAV12@PAVFbxManager@2@PBD@Z)"private: void __thiscall CEnemyMeshDiffused::LoadFBXMesh(struct ID3D12Device *,struct ID3D12GraphicsCommandList *,char const *,float,float,float)" (?LoadFBXMesh@CEnemyMeshDiffused@@AAEXPAUID3D12Device@@PAUID3D12GraphicsCommandList@@PBDMMM@Z) 함수에서 참조되는 확인할 수 없는 외부 기호
Enemy.obj : error LNK2019: "public: class fbxsdk::FbxNode * __thiscall fbxsdk::FbxScene::GetRootNode(void)const " (?GetRootNode@FbxScene@fbxsdk@@QBEPAVFbxNode@2@XZ)"private: void __thiscall CEnemyMeshDiffused::LoadFBXMesh(struct ID3D12Device *,struct ID3D12GraphicsCommandList *,char const *,float,float,float)" (?LoadFBXMesh@CEnemyMeshDiffused@@AAEXPAUID3D12Device@@PAUID3D12GraphicsCommandList@@PBDMMM@Z) 함수에서 참조되는 확인할 수 없는 외부 기호
D:\FBX_SDK\2020.3.7\lib\x64\debug\libfbxsdk-mt.lib : warning LNK4272: 'x64' 라이브러리 컴퓨터 종류가 'x86' 대상 컴퓨터 종류와 충돌합니다.
D:\FBX_SDK\2020.3.7\lib\x64\debug\libxml2-mt.lib : warning LNK4272: 'x64' 라이브러리 컴퓨터 종류가 'x86' 대상 컴퓨터 종류와 충돌합니다.
D:\FBX_SDK\2020.3.7\lib\x64\debug\zlib-mt.lib : warning LNK4272: 'x64' 라이브러리 컴퓨터 종류가 'x86' 대상 컴퓨터 종류와 충돌합니다.
D:\DirectXTex-oct2024\DirectXTex\Bin\Desktop_2022\x64\Debug\DirectXTex.lib : warning LNK4272: 'x64' 라이브러리 컴퓨터 종류가 'x86' 대상 컴퓨터 종류와 충돌합니다.
C:\Users\Seungwan\Desktop\LabProject_monster_진행중\Debug\LabProject.exe : fatal error LNK1120: 21개의 확인할 수 없는 외부 참조입니다.
